#
# A fatal error has been detected by the Java Runtime Environment:
#
#  Internal Error (./open/src/hotspot/share/oops/methodData.cpp:1111), pid=22136, tid=26368
#  Error: ShouldNotReachHere()
#
# JRE version: Java(TM) SE Runtime Environment 18.9 (11.0.10+8) (build 11.0.10+8-LTS-162)
# Java VM: Java HotSpot(TM) 64-Bit Server VM 18.9 (11.0.10+8-LTS-162, mixed mode, tiered, compressed oops, g1 gc, windows-amd64)
# No core dump will be written. Minidumps are not enabled by default on client versions of Windows
#
# If you would like to submit a bug report, please visit:
#   https://bugreport.java.com/bugreport/crash.jsp
#

---------------  S U M M A R Y ------------

Command Line: -Dfile.encoding=UTF-8 com.dynamous.imoveis.ImoveisApplication

Host: Intel(R) Core(TM) i7-10510U CPU @ 1.80GHz, 8 cores, 15G,  Windows 10 , 64 bit Build 22621 (10.0.22621.963)
Time: Sun Jan  8 19:04:35 2023 Hora oficial do Brasil elapsed time: 511291.765901 seconds (5d 22h 1m 31s)

---------------  T H R E A D  ---------------

Current thread (0x0000025d8c57b000):  JavaThread "C2 CompilerThread0" daemon [_thread_in_vm, id=26368, stack(0x000000f58a700000,0x000000f58a800000)]


Current CompileTask:
C2:511291765 15653       4       org.springframework.web.servlet.mvc.method.annotation.RequestMappingHandlerAdapter::getModelFactory (155 bytes)

Stack: [0x000000f58a700000,0x000000f58a800000]
Native frames: (J=compiled Java code, j=interpreted, Vv=VM code, C=native code)
V  [jvm.dll+0x613e6a]
V  [jvm.dll+0x74c1ff]
V  [jvm.dll+0x74d885]
V  [jvm.dll+0x74deb7]
V  [jvm.dll+0x243afc]
V  [jvm.dll+0x243a63]
V  [jvm.dll+0x5d0648]
V  [jvm.dll+0x1a9021]
V  [jvm.dll+0x1a5e49]
V  [jvm.dll+0x62544b]
V  [jvm.dll+0x18196c]
V  [jvm.dll+0x2b3436]
V  [jvm.dll+0x630708]
V  [jvm.dll+0x62846f]
V  [jvm.dll+0x627aae]
V  [jvm.dll+0x62591e]
V  [jvm.dll+0x18196c]
V  [jvm.dll+0x1fc1e1]
V  [jvm.dll+0x17f09c]
V  [jvm.dll+0x20bbd4]
V  [jvm.dll+0x209cab]
V  [jvm.dll+0x713619]
V  [jvm.dll+0x70c314]
V  [jvm.dll+0x613036]
C  [ucrtbase.dll+0x29363]
C  [KERNEL32.DLL+0x126bd]
C  [ntdll.dll+0x5dfb8]


---------------  P R O C E S S  ---------------

Threads class SMR info:
_java_thread_list=0x0000025d8f80ac50, length=27, elements={
0x0000025d8bc78800, 0x0000025d8c529000, 0x0000025d8c573800, 0x0000025d8c576000,
0x0000025d8c57b000, 0x0000025d8c588800, 0x0000025d8c58b800, 0x0000025d8c9e1000,
0x0000025d8c6ca000, 0x0000025d8ff3e000, 0x0000025d92114000, 0x0000025d91867800,
0x0000025d8fe1e000, 0x0000025d96b8a800, 0x0000025d96b89000, 0x0000025d96b8c800,
0x0000025d96b8d000, 0x0000025d96b8a000, 0x0000025d96b8e000, 0x0000025d96b88000,
0x0000025d991bd800, 0x0000025d991c3000, 0x0000025d991bf000, 0x0000025d991c2000,
0x0000025d991c4000, 0x0000025d991be000, 0x0000025d991bf800
}

Java Threads: ( => current thread )
  0x0000025d8bc78800 JavaThread "Reference Handler" daemon [_thread_blocked, id=26092, stack(0x000000f58a300000,0x000000f58a400000)]
  0x0000025d8c529000 JavaThread "Finalizer" daemon [_thread_blocked, id=2480, stack(0x000000f58a400000,0x000000f58a500000)]
  0x0000025d8c573800 JavaThread "Signal Dispatcher" daemon [_thread_blocked, id=14780, stack(0x000000f58a500000,0x000000f58a600000)]
  0x0000025d8c576000 JavaThread "Attach Listener" daemon [_thread_blocked, id=18776, stack(0x000000f58a600000,0x000000f58a700000)]
=>0x0000025d8c57b000 JavaThread "C2 CompilerThread0" daemon [_thread_in_vm, id=26368, stack(0x000000f58a700000,0x000000f58a800000)]
  0x0000025d8c588800 JavaThread "C1 CompilerThread0" daemon [_thread_blocked, id=25920, stack(0x000000f58a800000,0x000000f58a900000)]
  0x0000025d8c58b800 JavaThread "Sweeper thread" daemon [_thread_blocked, id=9468, stack(0x000000f58a900000,0x000000f58aa00000)]
  0x0000025d8c9e1000 JavaThread "Service Thread" daemon [_thread_blocked, id=26464, stack(0x000000f58aa00000,0x000000f58ab00000)]
  0x0000025d8c6ca000 JavaThread "Common-Cleaner" daemon [_thread_blocked, id=26068, stack(0x000000f58ac00000,0x000000f58ad00000)]
  0x0000025d8ff3e000 JavaThread "HikariPool-1 housekeeper" daemon [_thread_blocked, id=20228, stack(0x000000f58b600000,0x000000f58b700000)]
  0x0000025d92114000 JavaThread "Catalina-utility-1" [_thread_blocked, id=24976, stack(0x000000f58ba00000,0x000000f58bb00000)]
  0x0000025d91867800 JavaThread "Catalina-utility-2" [_thread_blocked, id=3624, stack(0x000000f58bb00000,0x000000f58bc00000)]
  0x0000025d8fe1e000 JavaThread "container-0" [_thread_blocked, id=13504, stack(0x000000f58bd00000,0x000000f58be00000)]
  0x0000025d96b8a800 JavaThread "java-sdk-http-connection-reaper" daemon [_thread_blocked, id=28468, stack(0x000000f58be00000,0x000000f58bf00000)]
  0x0000025d96b89000 JavaThread "http-nio-8080-Poller" daemon [_thread_in_native, id=13728, stack(0x000000f58bc00000,0x000000f58bd00000)]
  0x0000025d96b8c800 JavaThread "http-nio-8080-Acceptor" daemon [_thread_in_native, id=27176, stack(0x000000f58bf00000,0x000000f58c000000)]
  0x0000025d96b8d000 JavaThread "DestroyJavaVM" [_thread_blocked, id=23544, stack(0x000000f589c00000,0x000000f589d00000)]
  0x0000025d96b8a000 JavaThread "http-nio-8080-exec-1" daemon [_thread_blocked, id=22704, stack(0x000000f589900000,0x000000f589a00000)]
  0x0000025d96b8e000 JavaThread "http-nio-8080-exec-2" daemon [_thread_blocked, id=25568, stack(0x000000f589b00000,0x000000f589c00000)]
  0x0000025d96b88000 JavaThread "http-nio-8080-exec-3" daemon [_thread_blocked, id=20688, stack(0x000000f58b400000,0x000000f58b500000)]
  0x0000025d991bd800 JavaThread "http-nio-8080-exec-4" daemon [_thread_blocked, id=8540, stack(0x000000f58b500000,0x000000f58b600000)]
  0x0000025d991c3000 JavaThread "http-nio-8080-exec-5" daemon [_thread_blocked, id=800, stack(0x000000f58c000000,0x000000f58c100000)]
  0x0000025d991bf000 JavaThread "http-nio-8080-exec-6" daemon [_thread_blocked, id=2496, stack(0x000000f58c200000,0x000000f58c300000)]
  0x0000025d991c2000 JavaThread "http-nio-8080-exec-7" daemon [_thread_blocked, id=25760, stack(0x000000f589a00000,0x000000f589b00000)]
  0x0000025d991c4000 JavaThread "http-nio-8080-exec-8" daemon [_thread_blocked, id=9912, stack(0x000000f58ad00000,0x000000f58ae00000)]
  0x0000025d991be000 JavaThread "http-nio-8080-exec-9" daemon [_thread_blocked, id=7072, stack(0x000000f58b300000,0x000000f58b400000)]
  0x0000025d991bf800 JavaThread "http-nio-8080-exec-10" daemon [_thread_blocked, id=27588, stack(0x000000f58c300000,0x000000f58c400000)]

Other Threads:
  0x0000025d8bc73000 VMThread "VM Thread" [stack: 0x000000f58a200000,0x000000f58a300000] [id=17456]
  0x0000025d8c6c8000 WatcherThread [stack: 0x000000f58ab00000,0x000000f58ac00000] [id=23908]
  0x0000025de8229000 GCTaskThread "GC Thread#0" [stack: 0x000000f589d00000,0x000000f589e00000] [id=16604]
  0x0000025d8d07e000 GCTaskThread "GC Thread#1" [stack: 0x000000f58ae00000,0x000000f58af00000] [id=23136]
  0x0000025d8d0a7800 GCTaskThread "GC Thread#2" [stack: 0x000000f58af00000,0x000000f58b000000] [id=20232]
  0x0000025d8cc05800 GCTaskThread "GC Thread#3" [stack: 0x000000f58b000000,0x000000f58b100000] [id=14288]
  0x0000025d8d31e000 GCTaskThread "GC Thread#4" [stack: 0x000000f58b100000,0x000000f58b200000] [id=12240]
  0x0000025d8cd08800 GCTaskThread "GC Thread#5" [stack: 0x000000f58b200000,0x000000f58b300000] [id=20860]
  0x0000025d8ecb3000 GCTaskThread "GC Thread#6" [stack: 0x000000f58b700000,0x000000f58b800000] [id=11184]
  0x0000025d8e448000 GCTaskThread "GC Thread#7" [stack: 0x000000f58b800000,0x000000f58b900000] [id=15512]
  0x0000025de8287000 ConcurrentGCThread "G1 Main Marker" [stack: 0x000000f589e00000,0x000000f589f00000] [id=16692]
  0x0000025de8289000 ConcurrentGCThread "G1 Conc#0" [stack: 0x000000f589f00000,0x000000f58a000000] [id=18448]
  0x0000025d8ed1b800 ConcurrentGCThread "G1 Conc#1" [stack: 0x000000f58b900000,0x000000f58ba00000] [id=18588]
  0x0000025d8bb5b800 ConcurrentGCThread "G1 Refine#0" [stack: 0x000000f58a000000,0x000000f58a100000] [id=22896]
  0x0000025d8da69000 ConcurrentGCThread "G1 Refine#1" [stack: 0x000000f58c500000,0x000000f58c600000] [id=19200]
  0x0000025d8bb5e800 ConcurrentGCThread "G1 Young RemSet Sampling" [stack: 0x000000f58a100000,0x000000f58a200000] [id=16284]

Threads with active compile tasks:
C2 CompilerThread0511291803 15653       4       org.springframework.web.servlet.mvc.method.annotation.RequestMappingHandlerAdapter::getModelFactory (155 bytes)

VM state:not at safepoint (normal execution)

VM Mutex/Monitor currently owned by a thread: None

Heap address: 0x0000000703400000, size: 4044 MB, Compressed Oops mode: Zero based, Oop shift amount: 3
Narrow klass base: 0x0000000800000000, Narrow klass shift: 0
Compressed class space size: 1073741824 Address: 0x0000000800000000

Heap:
 garbage-first heap   total 374784K, used 93295K [0x0000000703400000, 0x0000000800000000)
  region size 1024K, 29 young (29696K), 8 survivors (8192K)
 Metaspace       used 91911K, capacity 94149K, committed 94336K, reserved 1132544K
  class space    used 10969K, capacity 11878K, committed 11904K, reserved 1048576K
Heap Regions: E=young(eden), S=young(survivor), O=old, HS=humongous(starts), HC=humongous(continues), CS=collection set, F=free, A=archive, TAMS=top-at-mark-start (previous, next)
|   0|0x0000000703400000, 0x0000000703500000, 0x0000000703500000|100%|HS|  |TAMS 0x0000000703500000, 0x0000000703400000| Complete 
|   1|0x0000000703500000, 0x0000000703600000, 0x0000000703600000|100%|HS|  |TAMS 0x0000000703600000, 0x0000000703500000| Complete 
|   2|0x0000000703600000, 0x0000000703700000, 0x0000000703700000|100%|HC|  |TAMS 0x0000000703700000, 0x0000000703600000| Complete 
|   3|0x0000000703700000, 0x0000000703800000, 0x0000000703800000|100%| O|  |TAMS 0x0000000703800000, 0x0000000703700000| Untracked 
|   4|0x0000000703800000, 0x0000000703900000, 0x0000000703900000|100%| O|  |TAMS 0x0000000703900000, 0x0000000703800000| Untracked 
|   5|0x0000000703900000, 0x0000000703a00000, 0x0000000703a00000|100%| O|  |TAMS 0x0000000703a00000, 0x0000000703900000| Untracked 
|   6|0x0000000703a00000, 0x0000000703b00000, 0x0000000703b00000|100%| O|  |TAMS 0x0000000703b00000, 0x0000000703a00000| Untracked 
|   7|0x0000000703b00000, 0x0000000703c00000, 0x0000000703c00000|100%| O|  |TAMS 0x0000000703c00000, 0x0000000703b00000| Untracked 
|   8|0x0000000703c00000, 0x0000000703d00000, 0x0000000703d00000|100%| O|  |TAMS 0x0000000703d00000, 0x0000000703c00000| Untracked 
|   9|0x0000000703d00000, 0x0000000703e00000, 0x0000000703e00000|100%| O|  |TAMS 0x0000000703e00000, 0x0000000703d00000| Untracked 
|  10|0x0000000703e00000, 0x0000000703f00000, 0x0000000703f00000|100%| O|  |TAMS 0x0000000703f00000, 0x0000000703e00000| Untracked 
|  11|0x0000000703f00000, 0x0000000704000000, 0x0000000704000000|100%| O|  |TAMS 0x0000000704000000, 0x0000000703f00000| Untracked 
|  12|0x0000000704000000, 0x0000000704100000, 0x0000000704100000|100%| O|  |TAMS 0x0000000704100000, 0x0000000704000000| Untracked 
|  13|0x0000000704100000, 0x0000000704200000, 0x0000000704200000|100%| O|  |TAMS 0x0000000704200000, 0x0000000704100000| Untracked 
|  14|0x0000000704200000, 0x0000000704300000, 0x0000000704300000|100%| O|  |TAMS 0x0000000704300000, 0x0000000704200000| Untracked 
|  15|0x0000000704300000, 0x0000000704400000, 0x0000000704400000|100%| O|  |TAMS 0x0000000704400000, 0x0000000704300000| Untracked 
|  16|0x0000000704400000, 0x0000000704500000, 0x0000000704500000|100%| O|  |TAMS 0x0000000704500000, 0x0000000704400000| Untracked 
|  17|0x0000000704500000, 0x0000000704600000, 0x0000000704600000|100%| O|  |TAMS 0x0000000704600000, 0x0000000704500000| Untracked 
|  18|0x0000000704600000, 0x0000000704700000, 0x0000000704700000|100%| O|  |TAMS 0x0000000704700000, 0x0000000704600000| Untracked 
|  19|0x0000000704700000, 0x0000000704800000, 0x0000000704800000|100%| O|  |TAMS 0x0000000704800000, 0x0000000704700000| Untracked 
|  20|0x0000000704800000, 0x0000000704900000, 0x0000000704900000|100%|HS|  |TAMS 0x0000000704900000, 0x0000000704800000| Complete 
|  21|0x0000000704900000, 0x0000000704a00000, 0x0000000704a00000|100%| O|  |TAMS 0x0000000704a00000, 0x0000000704900000| Untracked 
|  22|0x0000000704a00000, 0x0000000704b00000, 0x0000000704b00000|100%| O|  |TAMS 0x0000000704b00000, 0x0000000704a00000| Untracked 
|  23|0x0000000704b00000, 0x0000000704c00000, 0x0000000704c00000|100%| O|  |TAMS 0x0000000704c00000, 0x0000000704b00000| Untracked 
|  24|0x0000000704c00000, 0x0000000704d00000, 0x0000000704d00000|100%| O|  |TAMS 0x0000000704d00000, 0x0000000704c00000| Untracked 
|  25|0x0000000704d00000, 0x0000000704e00000, 0x0000000704e00000|100%| O|  |TAMS 0x0000000704e00000, 0x0000000704d00000| Untracked 
|  26|0x0000000704e00000, 0x0000000704f00000, 0x0000000704f00000|100%| O|  |TAMS 0x0000000704f00000, 0x0000000704e00000| Untracked 
|  27|0x0000000704f00000, 0x0000000705000000, 0x0000000705000000|100%| O|  |TAMS 0x0000000705000000, 0x0000000704f00000| Untracked 
|  28|0x0000000705000000, 0x0000000705100000, 0x0000000705100000|100%| O|  |TAMS 0x0000000705100000, 0x0000000705000000| Untracked 
|  29|0x0000000705100000, 0x0000000705200000, 0x0000000705200000|100%| O|  |TAMS 0x0000000705200000, 0x0000000705100000| Untracked 
|  30|0x0000000705200000, 0x0000000705300000, 0x0000000705300000|100%| O|  |TAMS 0x0000000705300000, 0x0000000705200000| Untracked 
|  31|0x0000000705300000, 0x0000000705400000, 0x0000000705400000|100%| O|  |TAMS 0x0000000705400000, 0x0000000705300000| Untracked 
|  32|0x0000000705400000, 0x0000000705500000, 0x0000000705500000|100%| O|  |TAMS 0x0000000705500000, 0x0000000705400000| Untracked 
|  33|0x0000000705500000, 0x0000000705600000, 0x0000000705600000|100%| O|  |TAMS 0x0000000705600000, 0x0000000705500000| Untracked 
|  34|0x0000000705600000, 0x0000000705700000, 0x0000000705700000|100%| O|  |TAMS 0x0000000705700000, 0x0000000705600000| Untracked 
|  35|0x0000000705700000, 0x0000000705800000, 0x0000000705800000|100%| O|  |TAMS 0x0000000705800000, 0x0000000705700000| Untracked 
|  36|0x0000000705800000, 0x0000000705900000, 0x0000000705900000|100%| O|  |TAMS 0x0000000705900000, 0x0000000705800000| Untracked 
|  37|0x0000000705900000, 0x0000000705a00000, 0x0000000705a00000|100%| O|  |TAMS 0x0000000705a00000, 0x0000000705900000| Untracked 
|  38|0x0000000705a00000, 0x0000000705b00000, 0x0000000705b00000|100%| O|  |TAMS 0x0000000705b00000, 0x0000000705a00000| Untracked 
|  39|0x0000000705b00000, 0x0000000705c00000, 0x0000000705c00000|100%| O|  |TAMS 0x0000000705c00000, 0x0000000705b00000| Untracked 
|  40|0x0000000705c00000, 0x0000000705d00000, 0x0000000705d00000|100%| O|  |TAMS 0x0000000705d00000, 0x0000000705c00000| Untracked 
|  41|0x0000000705d00000, 0x0000000705e00000, 0x0000000705e00000|100%| O|  |TAMS 0x0000000705d64600, 0x0000000705d00000| Untracked 
|  42|0x0000000705e00000, 0x0000000705f00000, 0x0000000705f00000|100%| O|  |TAMS 0x0000000705e00000, 0x0000000705e00000| Untracked 
|  43|0x0000000705f00000, 0x0000000706000000, 0x0000000706000000|100%| O|  |TAMS 0x0000000705f00000, 0x0000000705f00000| Untracked 
|  44|0x0000000706000000, 0x0000000706100000, 0x0000000706100000|100%| O|  |TAMS 0x0000000706000000, 0x0000000706000000| Untracked 
|  45|0x0000000706100000, 0x0000000706200000, 0x0000000706200000|100%| O|  |TAMS 0x0000000706100000, 0x0000000706100000| Untracked 
|  46|0x0000000706200000, 0x0000000706300000, 0x0000000706300000|100%| O|  |TAMS 0x0000000706200000, 0x0000000706200000| Untracked 
|  47|0x0000000706300000, 0x0000000706400000, 0x0000000706400000|100%| O|  |TAMS 0x0000000706300000, 0x0000000706300000| Untracked 
|  48|0x0000000706400000, 0x0000000706500000, 0x0000000706500000|100%| O|  |TAMS 0x0000000706400000, 0x0000000706400000| Untracked 
|  49|0x0000000706500000, 0x0000000706600000, 0x0000000706600000|100%| O|  |TAMS 0x0000000706500000, 0x0000000706500000| Untracked 
|  50|0x0000000706600000, 0x0000000706700000, 0x0000000706700000|100%| O|  |TAMS 0x0000000706600000, 0x0000000706600000| Untracked 
|  51|0x0000000706700000, 0x0000000706800000, 0x0000000706800000|100%| O|  |TAMS 0x0000000706700000, 0x0000000706700000| Untracked 
|  52|0x0000000706800000, 0x0000000706900000, 0x0000000706900000|100%| O|  |TAMS 0x0000000706800000, 0x0000000706800000| Untracked 
|  53|0x0000000706900000, 0x0000000706a00000, 0x0000000706a00000|100%| O|  |TAMS 0x0000000706900000, 0x0000000706900000| Untracked 
|  54|0x0000000706a00000, 0x0000000706b00000, 0x0000000706b00000|100%| O|  |TAMS 0x0000000706a00000, 0x0000000706a00000| Untracked 
|  55|0x0000000706b00000, 0x0000000706c00000, 0x0000000706c00000|100%| O|  |TAMS 0x0000000706b00000, 0x0000000706b00000| Untracked 
|  56|0x0000000706c00000, 0x0000000706d00000, 0x0000000706d00000|100%| O|  |TAMS 0x0000000706c00000, 0x0000000706c00000| Untracked 
|  57|0x0000000706d00000, 0x0000000706e00000, 0x0000000706e00000|100%| O|  |TAMS 0x0000000706d00000, 0x0000000706d00000| Untracked 
|  58|0x0000000706e00000, 0x0000000706f00000, 0x0000000706f00000|100%| O|  |TAMS 0x0000000706e00000, 0x0000000706e00000| Untracked 
|  59|0x0000000706f00000, 0x0000000707000000, 0x0000000707000000|100%| O|  |TAMS 0x0000000706f00000, 0x0000000706f00000| Untracked 
|  60|0x0000000707000000, 0x0000000707100000, 0x0000000707100000|100%| O|  |TAMS 0x0000000707000000, 0x0000000707000000| Untracked 
|  61|0x0000000707100000, 0x0000000707200000, 0x0000000707200000|100%| O|  |TAMS 0x0000000707100000, 0x0000000707100000| Untracked 
|  62|0x0000000707200000, 0x0000000707300000, 0x0000000707300000|100%| O|  |TAMS 0x0000000707200000, 0x0000000707200000| Untracked 
|  63|0x0000000707300000, 0x000000070731bc00, 0x0000000707400000| 10%| O|  |TAMS 0x0000000707300000, 0x0000000707300000| Untracked 
|  64|0x0000000707400000, 0x0000000707400000, 0x0000000707500000|  0%| F|  |TAMS 0x0000000707400000, 0x0000000707400000| Untracked 
|  65|0x0000000707500000, 0x0000000707500000, 0x0000000707600000|  0%| F|  |TAMS 0x0000000707500000, 0x0000000707500000| Untracked 
|  66|0x0000000707600000, 0x0000000707600000, 0x0000000707700000|  0%| F|  |TAMS 0x0000000707600000, 0x0000000707600000| Untracked 
|  67|0x0000000707700000, 0x0000000707700000, 0x0000000707800000|  0%| F|  |TAMS 0x0000000707700000, 0x0000000707700000| Untracked 
|  68|0x0000000707800000, 0x0000000707800000, 0x0000000707900000|  0%| F|  |TAMS 0x0000000707800000, 0x0000000707800000| Untracked 
|  69|0x0000000707900000, 0x0000000707900000, 0x0000000707a00000|  0%| F|  |TAMS 0x0000000707900000, 0x0000000707900000| Untracked 
|  70|0x0000000707a00000, 0x0000000707a00000, 0x0000000707b00000|  0%| F|  |TAMS 0x0000000707a00000, 0x0000000707a00000| Untracked 
|  71|0x0000000707b00000, 0x0000000707b00000, 0x0000000707c00000|  0%| F|  |TAMS 0x0000000707b00000, 0x0000000707b00000| Untracked 
|  72|0x0000000707c00000, 0x0000000707c00000, 0x0000000707d00000|  0%| F|  |TAMS 0x0000000707c00000, 0x0000000707c00000| Untracked 
|  73|0x0000000707d00000, 0x0000000707d00000, 0x0000000707e00000|  0%| F|  |TAMS 0x0000000707d00000, 0x0000000707d00000| Untracked 
|  74|0x0000000707e00000, 0x0000000707e00000, 0x0000000707f00000|  0%| F|  |TAMS 0x0000000707e00000, 0x0000000707e00000| Untracked 
|  75|0x0000000707f00000, 0x0000000707f00000, 0x0000000708000000|  0%| F|  |TAMS 0x0000000707f00000, 0x0000000707f00000| Untracked 
|  76|0x0000000708000000, 0x0000000708000000, 0x0000000708100000|  0%| F|  |TAMS 0x0000000708000000, 0x0000000708000000| Untracked 
|  77|0x0000000708100000, 0x0000000708100000, 0x0000000708200000|  0%| F|  |TAMS 0x0000000708100000, 0x0000000708100000| Untracked 
|  78|0x0000000708200000, 0x0000000708200000, 0x0000000708300000|  0%| F|  |TAMS 0x0000000708200000, 0x0000000708200000| Untracked 
|  79|0x0000000708300000, 0x0000000708300000, 0x0000000708400000|  0%| F|  |TAMS 0x0000000708300000, 0x0000000708300000| Untracked 
|  80|0x0000000708400000, 0x0000000708400000, 0x0000000708500000|  0%| F|  |TAMS 0x0000000708400000, 0x0000000708400000| Untracked 
|  81|0x0000000708500000, 0x0000000708500000, 0x0000000708600000|  0%| F|  |TAMS 0x0000000708500000, 0x0000000708500000| Untracked 
|  82|0x0000000708600000, 0x0000000708600000, 0x0000000708700000|  0%| F|  |TAMS 0x0000000708600000, 0x0000000708600000| Untracked 
|  83|0x0000000708700000, 0x0000000708700000, 0x0000000708800000|  0%| F|  |TAMS 0x0000000708700000, 0x0000000708700000| Untracked 
|  84|0x0000000708800000, 0x0000000708800000, 0x0000000708900000|  0%| F|  |TAMS 0x0000000708800000, 0x0000000708800000| Untracked 
|  85|0x0000000708900000, 0x0000000708900000, 0x0000000708a00000|  0%| F|  |TAMS 0x0000000708900000, 0x0000000708900000| Untracked 
|  86|0x0000000708a00000, 0x0000000708a00000, 0x0000000708b00000|  0%| F|  |TAMS 0x0000000708a00000, 0x0000000708a00000| Untracked 
|  87|0x0000000708b00000, 0x0000000708b00000, 0x0000000708c00000|  0%| F|  |TAMS 0x0000000708b00000, 0x0000000708b00000| Untracked 
|  88|0x0000000708c00000, 0x0000000708c00000, 0x0000000708d00000|  0%| F|  |TAMS 0x0000000708c00000, 0x0000000708c00000| Untracked 
|  89|0x0000000708d00000, 0x0000000708d00000, 0x0000000708e00000|  0%| F|  |TAMS 0x0000000708d00000, 0x0000000708d00000| Untracked 
|  90|0x0000000708e00000, 0x0000000708e00000, 0x0000000708f00000|  0%| F|  |TAMS 0x0000000708e00000, 0x0000000708e00000| Untracked 
|  91|0x0000000708f00000, 0x0000000708f00000, 0x0000000709000000|  0%| F|  |TAMS 0x0000000708f00000, 0x0000000708f00000| Untracked 
|  92|0x0000000709000000, 0x0000000709000000, 0x0000000709100000|  0%| F|  |TAMS 0x0000000709000000, 0x0000000709000000| Untracked 
|  93|0x0000000709100000, 0x0000000709100000, 0x0000000709200000|  0%| F|  |TAMS 0x0000000709100000, 0x0000000709100000| Untracked 
|  94|0x0000000709200000, 0x0000000709200000, 0x0000000709300000|  0%| F|  |TAMS 0x0000000709200000, 0x0000000709200000| Untracked 
|  95|0x0000000709300000, 0x0000000709300000, 0x0000000709400000|  0%| F|  |TAMS 0x0000000709300000, 0x0000000709300000| Untracked 
|  96|0x0000000709400000, 0x0000000709400000, 0x0000000709500000|  0%| F|  |TAMS 0x0000000709400000, 0x0000000709400000| Untracked 
|  97|0x0000000709500000, 0x0000000709500000, 0x0000000709600000|  0%| F|  |TAMS 0x0000000709500000, 0x0000000709500000| Untracked 
|  98|0x0000000709600000, 0x0000000709600000, 0x0000000709700000|  0%| F|  |TAMS 0x0000000709600000, 0x0000000709600000| Untracked 
|  99|0x0000000709700000, 0x0000000709700000, 0x0000000709800000|  0%| F|  |TAMS 0x0000000709700000, 0x0000000709700000| Untracked 
| 100|0x0000000709800000, 0x0000000709800000, 0x0000000709900000|  0%| F|  |TAMS 0x0000000709800000, 0x0000000709800000| Untracked 
| 101|0x0000000709900000, 0x0000000709900000, 0x0000000709a00000|  0%| F|  |TAMS 0x0000000709900000, 0x0000000709900000| Untracked 
| 102|0x0000000709a00000, 0x0000000709a00000, 0x0000000709b00000|  0%| F|  |TAMS 0x0000000709a00000, 0x0000000709a00000| Untracked 
| 103|0x0000000709b00000, 0x0000000709b00000, 0x0000000709c00000|  0%| F|  |TAMS 0x0000000709b00000, 0x0000000709b00000| Untracked 
| 104|0x0000000709c00000, 0x0000000709c00000, 0x0000000709d00000|  0%| F|  |TAMS 0x0000000709c00000, 0x0000000709c00000| Untracked 
| 105|0x0000000709d00000, 0x0000000709d00000, 0x0000000709e00000|  0%| F|  |TAMS 0x0000000709d00000, 0x0000000709d00000| Untracked 
| 106|0x0000000709e00000, 0x0000000709e00000, 0x0000000709f00000|  0%| F|  |TAMS 0x0000000709e00000, 0x0000000709e00000| Untracked 
| 107|0x0000000709f00000, 0x0000000709f00000, 0x000000070a000000|  0%| F|  |TAMS 0x0000000709f00000, 0x0000000709f00000| Untracked 
| 108|0x000000070a000000, 0x000000070a000000, 0x000000070a100000|  0%| F|  |TAMS 0x000000070a000000, 0x000000070a000000| Untracked 
| 109|0x000000070a100000, 0x000000070a100000, 0x000000070a200000|  0%| F|  |TAMS 0x000000070a100000, 0x000000070a100000| Untracked 
| 110|0x000000070a200000, 0x000000070a200000, 0x000000070a300000|  0%| F|  |TAMS 0x000000070a200000, 0x000000070a200000| Untracked 
| 111|0x000000070a300000, 0x000000070a300000, 0x000000070a400000|  0%| F|  |TAMS 0x000000070a300000, 0x000000070a300000| Untracked 
| 112|0x000000070a400000, 0x000000070a400000, 0x000000070a500000|  0%| F|  |TAMS 0x000000070a400000, 0x000000070a400000| Untracked 
| 113|0x000000070a500000, 0x000000070a500000, 0x000000070a600000|  0%| F|  |TAMS 0x000000070a500000, 0x000000070a500000| Untracked 
| 114|0x000000070a600000, 0x000000070a600000, 0x000000070a700000|  0%| F|  |TAMS 0x000000070a600000, 0x000000070a600000| Untracked 
| 115|0x000000070a700000, 0x000000070a700000, 0x000000070a800000|  0%| F|  |TAMS 0x000000070a700000, 0x000000070a700000| Untracked 
| 116|0x000000070a800000, 0x000000070a800000, 0x000000070a900000|  0%| F|  |TAMS 0x000000070a800000, 0x000000070a800000| Untracked 
| 117|0x000000070a900000, 0x000000070a900000, 0x000000070aa00000|  0%| F|  |TAMS 0x000000070a900000, 0x000000070a900000| Untracked 
| 118|0x000000070aa00000, 0x000000070aa00000, 0x000000070ab00000|  0%| F|  |TAMS 0x000000070aa00000, 0x000000070aa00000| Untracked 
| 119|0x000000070ab00000, 0x000000070ab00000, 0x000000070ac00000|  0%| F|  |TAMS 0x000000070ab00000, 0x000000070ab00000| Untracked 
| 120|0x000000070ac00000, 0x000000070ac00000, 0x000000070ad00000|  0%| F|  |TAMS 0x000000070ac00000, 0x000000070ac00000| Untracked 
| 121|0x000000070ad00000, 0x000000070ad00000, 0x000000070ae00000|  0%| F|  |TAMS 0x000000070ad00000, 0x000000070ad00000| Untracked 
| 122|0x000000070ae00000, 0x000000070ae00000, 0x000000070af00000|  0%| F|  |TAMS 0x000000070ae00000, 0x000000070ae00000| Untracked 
| 123|0x000000070af00000, 0x000000070af00000, 0x000000070b000000|  0%| F|  |TAMS 0x000000070af00000, 0x000000070af00000| Untracked 
| 124|0x000000070b000000, 0x000000070b000000, 0x000000070b100000|  0%| F|  |TAMS 0x000000070b000000, 0x000000070b000000| Untracked 
| 125|0x000000070b100000, 0x000000070b100000, 0x000000070b200000|  0%| F|  |TAMS 0x000000070b100000, 0x000000070b100000| Untracked 
| 126|0x000000070b200000, 0x000000070b200000, 0x000000070b300000|  0%| F|  |TAMS 0x000000070b200000, 0x000000070b200000| Untracked 
| 127|0x000000070b300000, 0x000000070b300000, 0x000000070b400000|  0%| F|  |TAMS 0x000000070b300000, 0x000000070b300000| Untracked 
| 128|0x000000070b400000, 0x000000070b400000, 0x000000070b500000|  0%| F|  |TAMS 0x000000070b400000, 0x000000070b400000| Untracked 
| 129|0x000000070b500000, 0x000000070b500000, 0x000000070b600000|  0%| F|  |TAMS 0x000000070b500000, 0x000000070b500000| Untracked 
| 130|0x000000070b600000, 0x000000070b600000, 0x000000070b700000|  0%| F|  |TAMS 0x000000070b600000, 0x000000070b600000| Untracked 
| 131|0x000000070b700000, 0x000000070b700000, 0x000000070b800000|  0%| F|  |TAMS 0x000000070b700000, 0x000000070b700000| Untracked 
| 132|0x000000070b800000, 0x000000070b800000, 0x000000070b900000|  0%| F|  |TAMS 0x000000070b800000, 0x000000070b800000| Untracked 
| 133|0x000000070b900000, 0x000000070b900000, 0x000000070ba00000|  0%| F|  |TAMS 0x000000070b900000, 0x000000070b900000| Untracked 
| 134|0x000000070ba00000, 0x000000070ba00000, 0x000000070bb00000|  0%| F|  |TAMS 0x000000070ba00000, 0x000000070ba00000| Untracked 
| 135|0x000000070bb00000, 0x000000070bb00000, 0x000000070bc00000|  0%| F|  |TAMS 0x000000070bb00000, 0x000000070bb00000| Untracked 
| 136|0x000000070bc00000, 0x000000070bc00000, 0x000000070bd00000|  0%| F|  |TAMS 0x000000070bc00000, 0x000000070bc00000| Untracked 
| 137|0x000000070bd00000, 0x000000070bd00000, 0x000000070be00000|  0%| F|  |TAMS 0x000000070bd00000, 0x000000070bd00000| Untracked 
| 138|0x000000070be00000, 0x000000070be00000, 0x000000070bf00000|  0%| F|  |TAMS 0x000000070be00000, 0x000000070be00000| Untracked 
| 139|0x000000070bf00000, 0x000000070c000000, 0x000000070c000000|100%| S|CS|TAMS 0x000000070bf00000, 0x000000070bf00000| Complete 
| 140|0x000000070c000000, 0x000000070c100000, 0x000000070c100000|100%| S|CS|TAMS 0x000000070c000000, 0x000000070c000000| Complete 
| 141|0x000000070c100000, 0x000000070c200000, 0x000000070c200000|100%| S|CS|TAMS 0x000000070c100000, 0x000000070c100000| Complete 
| 142|0x000000070c200000, 0x000000070c300000, 0x000000070c300000|100%| S|CS|TAMS 0x000000070c200000, 0x000000070c200000| Complete 
| 143|0x000000070c300000, 0x000000070c400000, 0x000000070c400000|100%| S|CS|TAMS 0x000000070c300000, 0x000000070c300000| Complete 
| 144|0x000000070c400000, 0x000000070c500000, 0x000000070c500000|100%| S|CS|TAMS 0x000000070c400000, 0x000000070c400000| Complete 
| 145|0x000000070c500000, 0x000000070c600000, 0x000000070c600000|100%| S|CS|TAMS 0x000000070c500000, 0x000000070c500000| Complete 
| 146|0x000000070c600000, 0x000000070c700000, 0x000000070c700000|100%| S|CS|TAMS 0x000000070c600000, 0x000000070c600000| Complete 
| 147|0x000000070c700000, 0x000000070c700000, 0x000000070c800000|  0%| F|  |TAMS 0x000000070c700000, 0x000000070c700000| Untracked 
| 148|0x000000070c800000, 0x000000070c800000, 0x000000070c900000|  0%| F|  |TAMS 0x000000070c800000, 0x000000070c800000| Untracked 
| 149|0x000000070c900000, 0x000000070c900000, 0x000000070ca00000|  0%| F|  |TAMS 0x000000070c900000, 0x000000070c900000| Untracked 
| 150|0x000000070ca00000, 0x000000070ca00000, 0x000000070cb00000|  0%| F|  |TAMS 0x000000070ca00000, 0x000000070ca00000| Untracked 
| 151|0x000000070cb00000, 0x000000070cb00000, 0x000000070cc00000|  0%| F|  |TAMS 0x000000070cb00000, 0x000000070cb00000| Untracked 
| 152|0x000000070cc00000, 0x000000070cc00000, 0x000000070cd00000|  0%| F|  |TAMS 0x000000070cc00000, 0x000000070cc00000| Untracked 
| 153|0x000000070cd00000, 0x000000070cd00000, 0x000000070ce00000|  0%| F|  |TAMS 0x000000070cd00000, 0x000000070cd00000| Untracked 
| 154|0x000000070ce00000, 0x000000070ce00000, 0x000000070cf00000|  0%| F|  |TAMS 0x000000070ce00000, 0x000000070ce00000| Untracked 
| 155|0x000000070cf00000, 0x000000070cf00000, 0x000000070d000000|  0%| F|  |TAMS 0x000000070cf00000, 0x000000070cf00000| Untracked 
| 156|0x000000070d000000, 0x000000070d000000, 0x000000070d100000|  0%| F|  |TAMS 0x000000070d000000, 0x000000070d000000| Untracked 
| 157|0x000000070d100000, 0x000000070d100000, 0x000000070d200000|  0%| F|  |TAMS 0x000000070d100000, 0x000000070d100000| Untracked 
| 158|0x000000070d200000, 0x000000070d200000, 0x000000070d300000|  0%| F|  |TAMS 0x000000070d200000, 0x000000070d200000| Untracked 
| 159|0x000000070d300000, 0x000000070d300000, 0x000000070d400000|  0%| F|  |TAMS 0x000000070d300000, 0x000000070d300000| Untracked 
| 160|0x000000070d400000, 0x000000070d400000, 0x000000070d500000|  0%| F|  |TAMS 0x000000070d400000, 0x000000070d400000| Untracked 
| 161|0x000000070d500000, 0x000000070d500000, 0x000000070d600000|  0%| F|  |TAMS 0x000000070d500000, 0x000000070d500000| Untracked 
| 162|0x000000070d600000, 0x000000070d600000, 0x000000070d700000|  0%| F|  |TAMS 0x000000070d600000, 0x000000070d600000| Untracked 
| 163|0x000000070d700000, 0x000000070d700000, 0x000000070d800000|  0%| F|  |TAMS 0x000000070d700000, 0x000000070d700000| Untracked 
| 164|0x000000070d800000, 0x000000070d800000, 0x000000070d900000|  0%| F|  |TAMS 0x000000070d800000, 0x000000070d800000| Untracked 
| 165|0x000000070d900000, 0x000000070d900000, 0x000000070da00000|  0%| F|  |TAMS 0x000000070d900000, 0x000000070d900000| Untracked 
| 166|0x000000070da00000, 0x000000070da00000, 0x000000070db00000|  0%| F|  |TAMS 0x000000070da00000, 0x000000070da00000| Untracked 
| 167|0x000000070db00000, 0x000000070db00000, 0x000000070dc00000|  0%| F|  |TAMS 0x000000070db00000, 0x000000070db00000| Untracked 
| 168|0x000000070dc00000, 0x000000070dc00000, 0x000000070dd00000|  0%| F|  |TAMS 0x000000070dc00000, 0x000000070dc00000| Untracked 
| 169|0x000000070dd00000, 0x000000070dd00000, 0x000000070de00000|  0%| F|  |TAMS 0x000000070dd00000, 0x000000070dd00000| Untracked 
| 170|0x000000070de00000, 0x000000070de00000, 0x000000070df00000|  0%| F|  |TAMS 0x000000070de00000, 0x000000070de00000| Untracked 
| 171|0x000000070df00000, 0x000000070df00000, 0x000000070e000000|  0%| F|  |TAMS 0x000000070df00000, 0x000000070df00000| Untracked 
| 172|0x000000070e000000, 0x000000070e000000, 0x000000070e100000|  0%| F|  |TAMS 0x000000070e000000, 0x000000070e000000| Untracked 
| 173|0x000000070e100000, 0x000000070e100000, 0x000000070e200000|  0%| F|  |TAMS 0x000000070e100000, 0x000000070e100000| Untracked 
| 174|0x000000070e200000, 0x000000070e200000, 0x000000070e300000|  0%| F|  |TAMS 0x000000070e200000, 0x000000070e200000| Untracked 
| 175|0x000000070e300000, 0x000000070e300000, 0x000000070e400000|  0%| F|  |TAMS 0x000000070e300000, 0x000000070e300000| Untracked 
| 176|0x000000070e400000, 0x000000070e400000, 0x000000070e500000|  0%| F|  |TAMS 0x000000070e400000, 0x000000070e400000| Untracked 
| 177|0x000000070e500000, 0x000000070e500000, 0x000000070e600000|  0%| F|  |TAMS 0x000000070e500000, 0x000000070e500000| Untracked 
| 178|0x000000070e600000, 0x000000070e600000, 0x000000070e700000|  0%| F|  |TAMS 0x000000070e600000, 0x000000070e600000| Untracked 
| 179|0x000000070e700000, 0x000000070e700000, 0x000000070e800000|  0%| F|  |TAMS 0x000000070e700000, 0x000000070e700000| Untracked 
| 180|0x000000070e800000, 0x000000070e800000, 0x000000070e900000|  0%| F|  |TAMS 0x000000070e800000, 0x000000070e800000| Untracked 
| 181|0x000000070e900000, 0x000000070e900000, 0x000000070ea00000|  0%| F|  |TAMS 0x000000070e900000, 0x000000070e900000| Untracked 
| 182|0x000000070ea00000, 0x000000070ea00000, 0x000000070eb00000|  0%| F|  |TAMS 0x000000070ea00000, 0x000000070ea00000| Untracked 
| 183|0x000000070eb00000, 0x000000070eb00000, 0x000000070ec00000|  0%| F|  |TAMS 0x000000070eb00000, 0x000000070eb00000| Untracked 
| 184|0x000000070ec00000, 0x000000070ec00000, 0x000000070ed00000|  0%| F|  |TAMS 0x000000070ec00000, 0x000000070ec00000| Untracked 
| 185|0x000000070ed00000, 0x000000070ed00000, 0x000000070ee00000|  0%| F|  |TAMS 0x000000070ed00000, 0x000000070ed00000| Untracked 
| 186|0x000000070ee00000, 0x000000070ee00000, 0x000000070ef00000|  0%| F|  |TAMS 0x000000070ee00000, 0x000000070ee00000| Untracked 
| 187|0x000000070ef00000, 0x000000070ef00000, 0x000000070f000000|  0%| F|  |TAMS 0x000000070ef00000, 0x000000070ef00000| Untracked 
| 188|0x000000070f000000, 0x000000070f000000, 0x000000070f100000|  0%| F|  |TAMS 0x000000070f000000, 0x000000070f000000| Untracked 
| 189|0x000000070f100000, 0x000000070f100000, 0x000000070f200000|  0%| F|  |TAMS 0x000000070f100000, 0x000000070f100000| Untracked 
| 190|0x000000070f200000, 0x000000070f200000, 0x000000070f300000|  0%| F|  |TAMS 0x000000070f200000, 0x000000070f200000| Untracked 
| 191|0x000000070f300000, 0x000000070f300000, 0x000000070f400000|  0%| F|  |TAMS 0x000000070f300000, 0x000000070f300000| Untracked 
| 192|0x000000070f400000, 0x000000070f400000, 0x000000070f500000|  0%| F|  |TAMS 0x000000070f400000, 0x000000070f400000| Untracked 
| 193|0x000000070f500000, 0x000000070f500000, 0x000000070f600000|  0%| F|  |TAMS 0x000000070f500000, 0x000000070f500000| Untracked 
| 194|0x000000070f600000, 0x000000070f600000, 0x000000070f700000|  0%| F|  |TAMS 0x000000070f600000, 0x000000070f600000| Untracked 
| 195|0x000000070f700000, 0x000000070f700000, 0x000000070f800000|  0%| F|  |TAMS 0x000000070f700000, 0x000000070f700000| Untracked 
| 196|0x000000070f800000, 0x000000070f800000, 0x000000070f900000|  0%| F|  |TAMS 0x000000070f800000, 0x000000070f800000| Untracked 
| 197|0x000000070f900000, 0x000000070f900000, 0x000000070fa00000|  0%| F|  |TAMS 0x000000070f900000, 0x000000070f900000| Untracked 
| 198|0x000000070fa00000, 0x000000070fa00000, 0x000000070fb00000|  0%| F|  |TAMS 0x000000070fa00000, 0x000000070fa00000| Untracked 
| 199|0x000000070fb00000, 0x000000070fb00000, 0x000000070fc00000|  0%| F|  |TAMS 0x000000070fb00000, 0x000000070fb00000| Untracked 
| 200|0x000000070fc00000, 0x000000070fc00000, 0x000000070fd00000|  0%| F|  |TAMS 0x000000070fc00000, 0x000000070fc00000| Untracked 
| 201|0x000000070fd00000, 0x000000070fd00000, 0x000000070fe00000|  0%| F|  |TAMS 0x000000070fd00000, 0x000000070fd00000| Untracked 
| 202|0x000000070fe00000, 0x000000070fe00000, 0x000000070ff00000|  0%| F|  |TAMS 0x000000070fe00000, 0x000000070fe00000| Untracked 
| 203|0x000000070ff00000, 0x000000070ff00000, 0x0000000710000000|  0%| F|  |TAMS 0x000000070ff00000, 0x000000070ff00000| Untracked 
| 204|0x0000000710000000, 0x0000000710000000, 0x0000000710100000|  0%| F|  |TAMS 0x0000000710000000, 0x0000000710000000| Untracked 
| 205|0x0000000710100000, 0x0000000710100000, 0x0000000710200000|  0%| F|  |TAMS 0x0000000710100000, 0x0000000710100000| Untracked 
| 206|0x0000000710200000, 0x0000000710200000, 0x0000000710300000|  0%| F|  |TAMS 0x0000000710200000, 0x0000000710200000| Untracked 
| 207|0x0000000710300000, 0x0000000710300000, 0x0000000710400000|  0%| F|  |TAMS 0x0000000710300000, 0x0000000710300000| Untracked 
| 208|0x0000000710400000, 0x0000000710400000, 0x0000000710500000|  0%| F|  |TAMS 0x0000000710400000, 0x0000000710400000| Untracked 
| 209|0x0000000710500000, 0x0000000710500000, 0x0000000710600000|  0%| F|  |TAMS 0x0000000710500000, 0x0000000710500000| Untracked 
| 210|0x0000000710600000, 0x0000000710600000, 0x0000000710700000|  0%| F|  |TAMS 0x0000000710600000, 0x0000000710600000| Untracked 
| 211|0x0000000710700000, 0x0000000710700000, 0x0000000710800000|  0%| F|  |TAMS 0x0000000710700000, 0x0000000710700000| Untracked 
| 212|0x0000000710800000, 0x0000000710800000, 0x0000000710900000|  0%| F|  |TAMS 0x0000000710800000, 0x0000000710800000| Untracked 
| 213|0x0000000710900000, 0x0000000710900000, 0x0000000710a00000|  0%| F|  |TAMS 0x0000000710900000, 0x0000000710900000| Untracked 
| 214|0x0000000710a00000, 0x0000000710a00000, 0x0000000710b00000|  0%| F|  |TAMS 0x0000000710a00000, 0x0000000710a00000| Untracked 
| 215|0x0000000710b00000, 0x0000000710b00000, 0x0000000710c00000|  0%| F|  |TAMS 0x0000000710b00000, 0x0000000710b00000| Untracked 
| 216|0x0000000710c00000, 0x0000000710c00000, 0x0000000710d00000|  0%| F|  |TAMS 0x0000000710c00000, 0x0000000710c00000| Untracked 
| 217|0x0000000710d00000, 0x0000000710d00000, 0x0000000710e00000|  0%| F|  |TAMS 0x0000000710d00000, 0x0000000710d00000| Untracked 
| 218|0x0000000710e00000, 0x0000000710e00000, 0x0000000710f00000|  0%| F|  |TAMS 0x0000000710e00000, 0x0000000710e00000| Untracked 
| 219|0x0000000710f00000, 0x0000000710f00000, 0x0000000711000000|  0%| F|  |TAMS 0x0000000710f00000, 0x0000000710f00000| Untracked 
| 220|0x0000000711000000, 0x0000000711000000, 0x0000000711100000|  0%| F|  |TAMS 0x0000000711000000, 0x0000000711000000| Untracked 
| 221|0x0000000711100000, 0x0000000711100000, 0x0000000711200000|  0%| F|  |TAMS 0x0000000711100000, 0x0000000711100000| Untracked 
| 222|0x0000000711200000, 0x0000000711200000, 0x0000000711300000|  0%| F|  |TAMS 0x0000000711200000, 0x0000000711200000| Untracked 
| 223|0x0000000711300000, 0x0000000711300000, 0x0000000711400000|  0%| F|  |TAMS 0x0000000711300000, 0x0000000711300000| Untracked 
| 224|0x0000000711400000, 0x0000000711400000, 0x0000000711500000|  0%| F|  |TAMS 0x0000000711400000, 0x0000000711400000| Untracked 
| 225|0x0000000711500000, 0x0000000711500000, 0x0000000711600000|  0%| F|  |TAMS 0x0000000711500000, 0x0000000711500000| Untracked 
| 226|0x0000000711600000, 0x0000000711600000, 0x0000000711700000|  0%| F|  |TAMS 0x0000000711600000, 0x0000000711600000| Untracked 
| 227|0x0000000711700000, 0x0000000711700000, 0x0000000711800000|  0%| F|  |TAMS 0x0000000711700000, 0x0000000711700000| Untracked 
| 228|0x0000000711800000, 0x0000000711800000, 0x0000000711900000|  0%| F|  |TAMS 0x0000000711800000, 0x0000000711800000| Untracked 
| 229|0x0000000711900000, 0x0000000711900000, 0x0000000711a00000|  0%| F|  |TAMS 0x0000000711900000, 0x0000000711900000| Untracked 
| 230|0x0000000711a00000, 0x0000000711a00000, 0x0000000711b00000|  0%| F|  |TAMS 0x0000000711a00000, 0x0000000711a00000| Untracked 
| 231|0x0000000711b00000, 0x0000000711b00000, 0x0000000711c00000|  0%| F|  |TAMS 0x0000000711b00000, 0x0000000711b00000| Untracked 
| 232|0x0000000711c00000, 0x0000000711c00000, 0x0000000711d00000|  0%| F|  |TAMS 0x0000000711c00000, 0x0000000711c00000| Untracked 
| 233|0x0000000711d00000, 0x0000000711d00000, 0x0000000711e00000|  0%| F|  |TAMS 0x0000000711d00000, 0x0000000711d00000| Untracked 
| 234|0x0000000711e00000, 0x0000000711e00000, 0x0000000711f00000|  0%| F|  |TAMS 0x0000000711e00000, 0x0000000711e00000| Untracked 
| 235|0x0000000711f00000, 0x0000000711f00000, 0x0000000712000000|  0%| F|  |TAMS 0x0000000711f00000, 0x0000000711f00000| Untracked 
| 236|0x0000000712000000, 0x0000000712000000, 0x0000000712100000|  0%| F|  |TAMS 0x0000000712000000, 0x0000000712000000| Untracked 
| 237|0x0000000712100000, 0x0000000712100000, 0x0000000712200000|  0%| F|  |TAMS 0x0000000712100000, 0x0000000712100000| Untracked 
| 238|0x0000000712200000, 0x0000000712200000, 0x0000000712300000|  0%| F|  |TAMS 0x0000000712200000, 0x0000000712200000| Untracked 
| 239|0x0000000712300000, 0x0000000712300000, 0x0000000712400000|  0%| F|  |TAMS 0x0000000712300000, 0x0000000712300000| Untracked 
| 240|0x0000000712400000, 0x0000000712400000, 0x0000000712500000|  0%| F|  |TAMS 0x0000000712400000, 0x0000000712400000| Untracked 
| 241|0x0000000712500000, 0x0000000712500000, 0x0000000712600000|  0%| F|  |TAMS 0x0000000712500000, 0x0000000712500000| Untracked 
| 242|0x0000000712600000, 0x0000000712600000, 0x0000000712700000|  0%| F|  |TAMS 0x0000000712600000, 0x0000000712600000| Untracked 
| 243|0x0000000712700000, 0x0000000712700000, 0x0000000712800000|  0%| F|  |TAMS 0x0000000712700000, 0x0000000712700000| Untracked 
| 244|0x0000000712800000, 0x0000000712800000, 0x0000000712900000|  0%| F|  |TAMS 0x0000000712800000, 0x0000000712800000| Untracked 
| 245|0x0000000712900000, 0x0000000712900000, 0x0000000712a00000|  0%| F|  |TAMS 0x0000000712900000, 0x0000000712900000| Untracked 
| 246|0x0000000712a00000, 0x0000000712a00000, 0x0000000712b00000|  0%| F|  |TAMS 0x0000000712a00000, 0x0000000712a00000| Untracked 
| 247|0x0000000712b00000, 0x0000000712b00000, 0x0000000712c00000|  0%| F|  |TAMS 0x0000000712b00000, 0x0000000712b00000| Untracked 
| 248|0x0000000712c00000, 0x0000000712c00000, 0x0000000712d00000|  0%| F|  |TAMS 0x0000000712c00000, 0x0000000712c00000| Untracked 
| 249|0x0000000712d00000, 0x0000000712d00000, 0x0000000712e00000|  0%| F|  |TAMS 0x0000000712d00000, 0x0000000712d00000| Untracked 
| 250|0x0000000712e00000, 0x0000000712e00000, 0x0000000712f00000|  0%| F|  |TAMS 0x0000000712e00000, 0x0000000712e00000| Untracked 
| 251|0x0000000712f00000, 0x0000000712f00000, 0x0000000713000000|  0%| F|  |TAMS 0x0000000712f00000, 0x0000000712f00000| Untracked 
| 252|0x0000000713000000, 0x0000000713000000, 0x0000000713100000|  0%| F|  |TAMS 0x0000000713000000, 0x0000000713000000| Untracked 
| 253|0x0000000713100000, 0x0000000713100000, 0x0000000713200000|  0%| F|  |TAMS 0x0000000713100000, 0x0000000713100000| Untracked 
| 254|0x0000000713200000, 0x0000000713200000, 0x0000000713300000|  0%| F|  |TAMS 0x0000000713200000, 0x0000000713200000| Untracked 
| 255|0x0000000713300000, 0x0000000713300000, 0x0000000713400000|  0%| F|  |TAMS 0x0000000713300000, 0x0000000713300000| Untracked 
| 256|0x0000000713400000, 0x0000000713400000, 0x0000000713500000|  0%| F|  |TAMS 0x0000000713400000, 0x0000000713400000| Untracked 
| 257|0x0000000713500000, 0x0000000713500000, 0x0000000713600000|  0%| F|  |TAMS 0x0000000713500000, 0x0000000713500000| Untracked 
| 258|0x0000000713600000, 0x0000000713600000, 0x0000000713700000|  0%| F|  |TAMS 0x0000000713600000, 0x0000000713600000| Untracked 
| 259|0x0000000713700000, 0x0000000713700000, 0x0000000713800000|  0%| F|  |TAMS 0x0000000713700000, 0x0000000713700000| Untracked 
| 260|0x0000000713800000, 0x0000000713800000, 0x0000000713900000|  0%| F|  |TAMS 0x0000000713800000, 0x0000000713800000| Untracked 
| 261|0x0000000713900000, 0x0000000713900000, 0x0000000713a00000|  0%| F|  |TAMS 0x0000000713900000, 0x0000000713900000| Untracked 
| 262|0x0000000713a00000, 0x0000000713a00000, 0x0000000713b00000|  0%| F|  |TAMS 0x0000000713a00000, 0x0000000713a00000| Untracked 
| 263|0x0000000713b00000, 0x0000000713b00000, 0x0000000713c00000|  0%| F|  |TAMS 0x0000000713b00000, 0x0000000713b00000| Untracked 
| 264|0x0000000713c00000, 0x0000000713c00000, 0x0000000713d00000|  0%| F|  |TAMS 0x0000000713c00000, 0x0000000713c00000| Untracked 
| 265|0x0000000713d00000, 0x0000000713d00000, 0x0000000713e00000|  0%| F|  |TAMS 0x0000000713d00000, 0x0000000713d00000| Untracked 
| 266|0x0000000713e00000, 0x0000000713e00000, 0x0000000713f00000|  0%| F|  |TAMS 0x0000000713e00000, 0x0000000713e00000| Untracked 
| 267|0x0000000713f00000, 0x0000000713f00000, 0x0000000714000000|  0%| F|  |TAMS 0x0000000713f00000, 0x0000000713f00000| Untracked 
| 268|0x0000000714000000, 0x0000000714000000, 0x0000000714100000|  0%| F|  |TAMS 0x0000000714000000, 0x0000000714000000| Untracked 
| 269|0x0000000714100000, 0x0000000714100000, 0x0000000714200000|  0%| F|  |TAMS 0x0000000714100000, 0x0000000714100000| Untracked 
| 270|0x0000000714200000, 0x0000000714200000, 0x0000000714300000|  0%| F|  |TAMS 0x0000000714200000, 0x0000000714200000| Untracked 
| 271|0x0000000714300000, 0x0000000714300000, 0x0000000714400000|  0%| F|  |TAMS 0x0000000714300000, 0x0000000714300000| Untracked 
| 272|0x0000000714400000, 0x0000000714400000, 0x0000000714500000|  0%| F|  |TAMS 0x0000000714400000, 0x0000000714400000| Untracked 
| 273|0x0000000714500000, 0x0000000714500000, 0x0000000714600000|  0%| F|  |TAMS 0x0000000714500000, 0x0000000714500000| Untracked 
| 274|0x0000000714600000, 0x0000000714600000, 0x0000000714700000|  0%| F|  |TAMS 0x0000000714600000, 0x0000000714600000| Untracked 
| 275|0x0000000714700000, 0x0000000714700000, 0x0000000714800000|  0%| F|  |TAMS 0x0000000714700000, 0x0000000714700000| Untracked 
| 276|0x0000000714800000, 0x0000000714800000, 0x0000000714900000|  0%| F|  |TAMS 0x0000000714800000, 0x0000000714800000| Untracked 
| 277|0x0000000714900000, 0x0000000714900000, 0x0000000714a00000|  0%| F|  |TAMS 0x0000000714900000, 0x0000000714900000| Untracked 
| 278|0x0000000714a00000, 0x0000000714a00000, 0x0000000714b00000|  0%| F|  |TAMS 0x0000000714a00000, 0x0000000714a00000| Untracked 
| 279|0x0000000714b00000, 0x0000000714b00000, 0x0000000714c00000|  0%| F|  |TAMS 0x0000000714b00000, 0x0000000714b00000| Untracked 
| 280|0x0000000714c00000, 0x0000000714c00000, 0x0000000714d00000|  0%| F|  |TAMS 0x0000000714c00000, 0x0000000714c00000| Untracked 
| 281|0x0000000714d00000, 0x0000000714d00000, 0x0000000714e00000|  0%| F|  |TAMS 0x0000000714d00000, 0x0000000714d00000| Untracked 
| 282|0x0000000714e00000, 0x0000000714e00000, 0x0000000714f00000|  0%| F|  |TAMS 0x0000000714e00000, 0x0000000714e00000| Untracked 
| 283|0x0000000714f00000, 0x0000000714f00000, 0x0000000715000000|  0%| F|  |TAMS 0x0000000714f00000, 0x0000000714f00000| Untracked 
| 284|0x0000000715000000, 0x0000000715000000, 0x0000000715100000|  0%| F|  |TAMS 0x0000000715000000, 0x0000000715000000| Untracked 
| 285|0x0000000715100000, 0x0000000715100000, 0x0000000715200000|  0%| F|  |TAMS 0x0000000715100000, 0x0000000715100000| Untracked 
| 286|0x0000000715200000, 0x0000000715200000, 0x0000000715300000|  0%| F|  |TAMS 0x0000000715200000, 0x0000000715200000| Untracked 
| 287|0x0000000715300000, 0x0000000715300000, 0x0000000715400000|  0%| F|  |TAMS 0x0000000715300000, 0x0000000715300000| Untracked 
| 288|0x0000000715400000, 0x0000000715400000, 0x0000000715500000|  0%| F|  |TAMS 0x0000000715400000, 0x0000000715400000| Untracked 
| 289|0x0000000715500000, 0x0000000715500000, 0x0000000715600000|  0%| F|  |TAMS 0x0000000715500000, 0x0000000715500000| Untracked 
| 290|0x0000000715600000, 0x0000000715600000, 0x0000000715700000|  0%| F|  |TAMS 0x0000000715600000, 0x0000000715600000| Untracked 
| 291|0x0000000715700000, 0x0000000715700000, 0x0000000715800000|  0%| F|  |TAMS 0x0000000715700000, 0x0000000715700000| Untracked 
| 292|0x0000000715800000, 0x0000000715800000, 0x0000000715900000|  0%| F|  |TAMS 0x0000000715800000, 0x0000000715800000| Untracked 
| 293|0x0000000715900000, 0x0000000715900000, 0x0000000715a00000|  0%| F|  |TAMS 0x0000000715900000, 0x0000000715900000| Untracked 
| 294|0x0000000715a00000, 0x0000000715a00000, 0x0000000715b00000|  0%| F|  |TAMS 0x0000000715a00000, 0x0000000715a00000| Untracked 
| 295|0x0000000715b00000, 0x0000000715b00000, 0x0000000715c00000|  0%| F|  |TAMS 0x0000000715b00000, 0x0000000715b00000| Untracked 
| 296|0x0000000715c00000, 0x0000000715c00000, 0x0000000715d00000|  0%| F|  |TAMS 0x0000000715c00000, 0x0000000715c00000| Untracked 
| 297|0x0000000715d00000, 0x0000000715d00000, 0x0000000715e00000|  0%| F|  |TAMS 0x0000000715d00000, 0x0000000715d00000| Untracked 
| 298|0x0000000715e00000, 0x0000000715e00000, 0x0000000715f00000|  0%| F|  |TAMS 0x0000000715e00000, 0x0000000715e00000| Untracked 
| 299|0x0000000715f00000, 0x0000000715f00000, 0x0000000716000000|  0%| F|  |TAMS 0x0000000715f00000, 0x0000000715f00000| Untracked 
| 300|0x0000000716000000, 0x0000000716000000, 0x0000000716100000|  0%| F|  |TAMS 0x0000000716000000, 0x0000000716000000| Untracked 
| 301|0x0000000716100000, 0x0000000716100000, 0x0000000716200000|  0%| F|  |TAMS 0x0000000716100000, 0x0000000716100000| Untracked 
| 302|0x0000000716200000, 0x0000000716200000, 0x0000000716300000|  0%| F|  |TAMS 0x0000000716200000, 0x0000000716200000| Untracked 
| 303|0x0000000716300000, 0x0000000716300000, 0x0000000716400000|  0%| F|  |TAMS 0x0000000716300000, 0x0000000716300000| Untracked 
| 304|0x0000000716400000, 0x0000000716400000, 0x0000000716500000|  0%| F|  |TAMS 0x0000000716400000, 0x0000000716400000| Untracked 
| 305|0x0000000716500000, 0x0000000716500000, 0x0000000716600000|  0%| F|  |TAMS 0x0000000716500000, 0x0000000716500000| Untracked 
| 306|0x0000000716600000, 0x0000000716600000, 0x0000000716700000|  0%| F|  |TAMS 0x0000000716600000, 0x0000000716600000| Untracked 
| 307|0x0000000716700000, 0x0000000716700000, 0x0000000716800000|  0%| F|  |TAMS 0x0000000716700000, 0x0000000716700000| Untracked 
| 308|0x0000000716800000, 0x0000000716800000, 0x0000000716900000|  0%| F|  |TAMS 0x0000000716800000, 0x0000000716800000| Untracked 
| 309|0x0000000716900000, 0x0000000716900000, 0x0000000716a00000|  0%| F|  |TAMS 0x0000000716900000, 0x0000000716900000| Untracked 
| 310|0x0000000716a00000, 0x0000000716a00000, 0x0000000716b00000|  0%| F|  |TAMS 0x0000000716a00000, 0x0000000716a00000| Untracked 
| 311|0x0000000716b00000, 0x0000000716b00000, 0x0000000716c00000|  0%| F|  |TAMS 0x0000000716b00000, 0x0000000716b00000| Untracked 
| 312|0x0000000716c00000, 0x0000000716c00000, 0x0000000716d00000|  0%| F|  |TAMS 0x0000000716c00000, 0x0000000716c00000| Untracked 
| 313|0x0000000716d00000, 0x0000000716d00000, 0x0000000716e00000|  0%| F|  |TAMS 0x0000000716d00000, 0x0000000716d00000| Untracked 
| 314|0x0000000716e00000, 0x0000000716e00000, 0x0000000716f00000|  0%| F|  |TAMS 0x0000000716e00000, 0x0000000716e00000| Untracked 
| 315|0x0000000716f00000, 0x0000000716f00000, 0x0000000717000000|  0%| F|  |TAMS 0x0000000716f00000, 0x0000000716f00000| Untracked 
| 316|0x0000000717000000, 0x0000000717000000, 0x0000000717100000|  0%| F|  |TAMS 0x0000000717000000, 0x0000000717000000| Untracked 
| 317|0x0000000717100000, 0x0000000717100000, 0x0000000717200000|  0%| F|  |TAMS 0x0000000717100000, 0x0000000717100000| Untracked 
| 318|0x0000000717200000, 0x0000000717200000, 0x0000000717300000|  0%| F|  |TAMS 0x0000000717200000, 0x0000000717200000| Untracked 
| 319|0x0000000717300000, 0x0000000717300000, 0x0000000717400000|  0%| F|  |TAMS 0x0000000717300000, 0x0000000717300000| Untracked 
| 320|0x0000000717400000, 0x0000000717400000, 0x0000000717500000|  0%| F|  |TAMS 0x0000000717400000, 0x0000000717400000| Untracked 
| 321|0x0000000717500000, 0x0000000717500000, 0x0000000717600000|  0%| F|  |TAMS 0x0000000717500000, 0x0000000717500000| Untracked 
| 322|0x0000000717600000, 0x0000000717600000, 0x0000000717700000|  0%| F|  |TAMS 0x0000000717600000, 0x0000000717600000| Untracked 
| 323|0x0000000717700000, 0x0000000717700000, 0x0000000717800000|  0%| F|  |TAMS 0x0000000717700000, 0x0000000717700000| Untracked 
| 324|0x0000000717800000, 0x0000000717800000, 0x0000000717900000|  0%| F|  |TAMS 0x0000000717800000, 0x0000000717800000| Untracked 
| 325|0x0000000717900000, 0x0000000717900000, 0x0000000717a00000|  0%| F|  |TAMS 0x0000000717900000, 0x0000000717900000| Untracked 
| 326|0x0000000717a00000, 0x0000000717a00000, 0x0000000717b00000|  0%| F|  |TAMS 0x0000000717a00000, 0x0000000717a00000| Untracked 
| 327|0x0000000717b00000, 0x0000000717b00000, 0x0000000717c00000|  0%| F|  |TAMS 0x0000000717b00000, 0x0000000717b00000| Untracked 
| 328|0x0000000717c00000, 0x0000000717c00000, 0x0000000717d00000|  0%| F|  |TAMS 0x0000000717c00000, 0x0000000717c00000| Untracked 
| 329|0x0000000717d00000, 0x0000000717d00000, 0x0000000717e00000|  0%| F|  |TAMS 0x0000000717d00000, 0x0000000717d00000| Untracked 
| 330|0x0000000717e00000, 0x0000000717e00000, 0x0000000717f00000|  0%| F|  |TAMS 0x0000000717e00000, 0x0000000717e00000| Untracked 
| 331|0x0000000717f00000, 0x0000000717f00000, 0x0000000718000000|  0%| F|  |TAMS 0x0000000717f00000, 0x0000000717f00000| Untracked 
| 332|0x0000000718000000, 0x0000000718000000, 0x0000000718100000|  0%| F|  |TAMS 0x0000000718000000, 0x0000000718000000| Untracked 
| 333|0x0000000718100000, 0x0000000718100000, 0x0000000718200000|  0%| F|  |TAMS 0x0000000718100000, 0x0000000718100000| Untracked 
| 334|0x0000000718200000, 0x0000000718200000, 0x0000000718300000|  0%| F|  |TAMS 0x0000000718200000, 0x0000000718200000| Untracked 
| 335|0x0000000718300000, 0x0000000718300000, 0x0000000718400000|  0%| F|  |TAMS 0x0000000718300000, 0x0000000718300000| Untracked 
| 336|0x0000000718400000, 0x0000000718400000, 0x0000000718500000|  0%| F|  |TAMS 0x0000000718400000, 0x0000000718400000| Untracked 
| 337|0x0000000718500000, 0x0000000718500000, 0x0000000718600000|  0%| F|  |TAMS 0x0000000718500000, 0x0000000718500000| Untracked 
| 338|0x0000000718600000, 0x0000000718600000, 0x0000000718700000|  0%| F|  |TAMS 0x0000000718600000, 0x0000000718600000| Untracked 
| 339|0x0000000718700000, 0x0000000718700000, 0x0000000718800000|  0%| F|  |TAMS 0x0000000718700000, 0x0000000718700000| Untracked 
| 340|0x0000000718800000, 0x0000000718800000, 0x0000000718900000|  0%| F|  |TAMS 0x0000000718800000, 0x0000000718800000| Untracked 
| 341|0x0000000718900000, 0x0000000718900000, 0x0000000718a00000|  0%| F|  |TAMS 0x0000000718900000, 0x0000000718900000| Untracked 
| 342|0x0000000718a00000, 0x0000000718a00000, 0x0000000718b00000|  0%| F|  |TAMS 0x0000000718a00000, 0x0000000718a00000| Untracked 
| 343|0x0000000718b00000, 0x0000000718b00000, 0x0000000718c00000|  0%| F|  |TAMS 0x0000000718b00000, 0x0000000718b00000| Untracked 
| 344|0x0000000718c00000, 0x0000000718c00000, 0x0000000718d00000|  0%| F|  |TAMS 0x0000000718c00000, 0x0000000718c00000| Untracked 
| 345|0x0000000718d00000, 0x0000000718d55d48, 0x0000000718e00000| 33%| E|  |TAMS 0x0000000718d00000, 0x0000000718d00000| Complete 
| 346|0x0000000718e00000, 0x0000000718f00000, 0x0000000718f00000|100%| E|CS|TAMS 0x0000000718e00000, 0x0000000718e00000| Complete 
| 347|0x0000000718f00000, 0x0000000719000000, 0x0000000719000000|100%| E|CS|TAMS 0x0000000718f00000, 0x0000000718f00000| Complete 
| 348|0x0000000719000000, 0x0000000719100000, 0x0000000719100000|100%| E|CS|TAMS 0x0000000719000000, 0x0000000719000000| Complete 
| 349|0x0000000719100000, 0x0000000719200000, 0x0000000719200000|100%| E|CS|TAMS 0x0000000719100000, 0x0000000719100000| Complete 
| 350|0x0000000719200000, 0x0000000719300000, 0x0000000719300000|100%| E|CS|TAMS 0x0000000719200000, 0x0000000719200000| Complete 
| 351|0x0000000719300000, 0x0000000719400000, 0x0000000719400000|100%| E|CS|TAMS 0x0000000719300000, 0x0000000719300000| Complete 
| 352|0x0000000719400000, 0x0000000719500000, 0x0000000719500000|100%| E|CS|TAMS 0x0000000719400000, 0x0000000719400000| Complete 
| 353|0x0000000719500000, 0x0000000719600000, 0x0000000719600000|100%| E|CS|TAMS 0x0000000719500000, 0x0000000719500000| Complete 
| 354|0x0000000719600000, 0x0000000719700000, 0x0000000719700000|100%| E|CS|TAMS 0x0000000719600000, 0x0000000719600000| Complete 
| 355|0x0000000719700000, 0x0000000719800000, 0x0000000719800000|100%| E|CS|TAMS 0x0000000719700000, 0x0000000719700000| Complete 
| 356|0x0000000719800000, 0x0000000719900000, 0x0000000719900000|100%| E|CS|TAMS 0x0000000719800000, 0x0000000719800000| Complete 
| 357|0x0000000719900000, 0x0000000719a00000, 0x0000000719a00000|100%| E|CS|TAMS 0x0000000719900000, 0x0000000719900000| Complete 
| 358|0x0000000719a00000, 0x0000000719b00000, 0x0000000719b00000|100%| E|CS|TAMS 0x0000000719a00000, 0x0000000719a00000| Complete 
| 359|0x0000000719b00000, 0x0000000719c00000, 0x0000000719c00000|100%| E|CS|TAMS 0x0000000719b00000, 0x0000000719b00000| Complete 
| 360|0x0000000719c00000, 0x0000000719d00000, 0x0000000719d00000|100%| E|CS|TAMS 0x0000000719c00000, 0x0000000719c00000| Complete 
| 361|0x0000000719d00000, 0x0000000719e00000, 0x0000000719e00000|100%| E|CS|TAMS 0x0000000719d00000, 0x0000000719d00000| Complete 
| 362|0x0000000719e00000, 0x0000000719f00000, 0x0000000719f00000|100%| E|CS|TAMS 0x0000000719e00000, 0x0000000719e00000| Complete 
| 363|0x0000000719f00000, 0x000000071a000000, 0x000000071a000000|100%| E|CS|TAMS 0x0000000719f00000, 0x0000000719f00000| Complete 
| 364|0x000000071a000000, 0x000000071a100000, 0x000000071a100000|100%| E|CS|TAMS 0x000000071a000000, 0x000000071a000000| Complete 
| 365|0x000000071a100000, 0x000000071a200000, 0x000000071a200000|100%| E|CS|TAMS 0x000000071a100000, 0x000000071a100000| Complete 

Card table byte_map: [0x0000025d807f0000,0x0000025d80fe0000] _byte_map_base: 0x0000025d7cfd6000

Marking Bits (Prev, Next): (CMBitMap*) 0x0000025de8276440, (CMBitMap*) 0x0000025de8276408
 Prev Bits: [0x0000025d85700000, 0x0000025d89630000)
 Next Bits: [0x0000025d817d0000, 0x0000025d85700000)

Polling page: 0x0000025de6170000

Metaspace:

Usage:
  Non-class:     80.34 MB capacity,    79.04 MB ( 98%) used,     1.01 MB (  1%) free+waste,   294.25 KB ( <1%) overhead. 
      Class:     11.60 MB capacity,    10.71 MB ( 92%) used,   778.27 KB (  7%) free+waste,   130.31 KB (  1%) overhead. 
       Both:     91.94 MB capacity,    89.76 MB ( 98%) used,     1.77 MB (  2%) free+waste,   424.56 KB ( <1%) overhead. 

Virtual space:
  Non-class space:       82.00 MB reserved,      80.50 MB ( 98%) committed 
      Class space:        1.00 GB reserved,      11.63 MB (  1%) committed 
             Both:        1.08 GB reserved,      92.13 MB (  8%) committed 

Chunk freelists:
   Non-Class:  4.13 KB
       Class:  0 bytes
        Both:  4.13 KB

CodeHeap 'non-profiled nmethods': size=120000Kb used=13852Kb max_used=13852Kb free=106147Kb
 bounds [0x0000025df8150000, 0x0000025df8ee0000, 0x0000025dff680000]
CodeHeap 'profiled nmethods': size=120000Kb used=29732Kb max_used=32574Kb free=90267Kb
 bounds [0x0000025df0c20000, 0x0000025df2c10000, 0x0000025df8150000]
CodeHeap 'non-nmethods': size=5760Kb used=1284Kb max_used=1373Kb free=4475Kb
 bounds [0x0000025df0680000, 0x0000025df08f0000, 0x0000025df0c20000]
 total_blobs=14173 nmethods=13509 adapters=574
 compilation: enabled
              stopped_count=0, restarted_count=0
 full_count=0

Compilation events (10 events):
Event: 510817.918 Thread 0x0000025d8c57b000 nmethod 15648 0x0000025df8ed7a90 code [0x0000025df8ed7c20, 0x0000025df8ed7ce8]
Event: 510952.546 Thread 0x0000025d8c57b000 15649       4       org.springframework.web.servlet.handler.AbstractHandlerMapping$CorsInterceptor::preHandle (35 bytes)
Event: 510952.553 Thread 0x0000025d8c57b000 nmethod 15649 0x0000025df8ed7e10 code [0x0000025df8ed8000, 0x0000025df8ed8768]
Event: 510953.287 Thread 0x0000025d8c57b000 15650       4       org.springframework.web.method.annotation.ModelFactory::<init> (82 bytes)
Event: 510953.292 Thread 0x0000025d8c57b000 nmethod 15650 0x0000025df8ed8b90 code [0x0000025df8ed8d20, 0x0000025df8ed9178]
Event: 511006.178 Thread 0x0000025d8c57b000 15651       4       com.dynamous.imoveis.security.UserSS$$Lambda$1197/0x0000000800b20440::apply (8 bytes)
Event: 511006.187 Thread 0x0000025d8c57b000 nmethod 15651 0x0000025df8ed9310 code [0x0000025df8ed94c0, 0x0000025df8ed97b8]
Event: 511207.350 Thread 0x0000025d8c57b000 15652   !   4       jdk.internal.reflect.GeneratedMethodAccessor146::invoke (64 bytes)
Event: 511207.355 Thread 0x0000025d8c57b000 nmethod 15652 0x0000025df8ed9b10 code [0x0000025df8ed9ca0, 0x0000025df8ed9d98]
Event: 511291.745 Thread 0x0000025d8c57b000 15653       4       org.springframework.web.servlet.mvc.method.annotation.RequestMappingHandlerAdapter::getModelFactory (155 bytes)

GC Heap History (10 events):
Event: 249836.261 GC heap before
{Heap before GC invocations=16 (full 0):
 garbage-first heap   total 374784K, used 288637K [0x0000000703400000, 0x0000000800000000)
  region size 1024K, 219 young (224256K), 9 survivors (9216K)
 Metaspace       used 91652K, capacity 93845K, committed 94080K, reserved 1132544K
  class space    used 10959K, capacity 11869K, committed 11904K, reserved 1048576K
}
Event: 249836.287 GC heap after
{Heap after GC invocations=17 (full 0):
 garbage-first heap   total 374784K, used 72732K [0x0000000703400000, 0x0000000800000000)
  region size 1024K, 8 young (8192K), 8 survivors (8192K)
 Metaspace       used 91652K, capacity 93845K, committed 94080K, reserved 1132544K
  class space    used 10959K, capacity 11869K, committed 11904K, reserved 1048576K
}
Event: 309347.303 GC heap before
{Heap before GC invocations=17 (full 0):
 garbage-first heap   total 374784K, used 288796K [0x0000000703400000, 0x0000000800000000)
  region size 1024K, 219 young (224256K), 8 survivors (8192K)
 Metaspace       used 91711K, capacity 93973K, committed 94080K, reserved 1132544K
  class space    used 10962K, capacity 11869K, committed 11904K, reserved 1048576K
}
Event: 309347.332 GC heap after
{Heap after GC invocations=18 (full 0):
 garbage-first heap   total 374784K, used 73013K [0x0000000703400000, 0x0000000800000000)
  region size 1024K, 9 young (9216K), 9 survivors (9216K)
 Metaspace       used 91711K, capacity 93973K, committed 94080K, reserved 1132544K
  class space    used 10962K, capacity 11869K, committed 11904K, reserved 1048576K
}
Event: 336083.253 GC heap before
{Heap before GC invocations=18 (full 0):
 garbage-first heap   total 374784K, used 288053K [0x0000000703400000, 0x0000000800000000)
  region size 1024K, 219 young (224256K), 9 survivors (9216K)
 Metaspace       used 91829K, capacity 94049K, committed 94336K, reserved 1132544K
  class space    used 10962K, capacity 11869K, committed 11904K, reserved 1048576K
}
Event: 336083.283 GC heap after
{Heap after GC invocations=19 (full 0):
 garbage-first heap   total 374784K, used 73003K [0x0000000703400000, 0x0000000800000000)
  region size 1024K, 9 young (9216K), 9 survivors (9216K)
 Metaspace       used 91829K, capacity 94049K, committed 94336K, reserved 1132544K
  class space    used 10962K, capacity 11869K, committed 11904K, reserved 1048576K
}
Event: 435087.396 GC heap before
{Heap before GC invocations=19 (full 0):
 garbage-first heap   total 374784K, used 288043K [0x0000000703400000, 0x0000000800000000)
  region size 1024K, 219 young (224256K), 9 survivors (9216K)
 Metaspace       used 91868K, capacity 94131K, committed 94336K, reserved 1132544K
  class space    used 10963K, capacity 11872K, committed 11904K, reserved 1048576K
}
Event: 435087.439 GC heap after
{Heap after GC invocations=20 (full 0):
 garbage-first heap   total 374784K, used 72711K [0x0000000703400000, 0x0000000800000000)
  region size 1024K, 8 young (8192K), 8 survivors (8192K)
 Metaspace       used 91868K, capacity 94131K, committed 94336K, reserved 1132544K
  class space    used 10963K, capacity 11872K, committed 11904K, reserved 1048576K
}
Event: 508121.423 GC heap before
{Heap before GC invocations=20 (full 0):
 garbage-first heap   total 374784K, used 288775K [0x0000000703400000, 0x0000000800000000)
  region size 1024K, 219 young (224256K), 8 survivors (8192K)
 Metaspace       used 91911K, capacity 94149K, committed 94336K, reserved 1132544K
  class space    used 10969K, capacity 11878K, committed 11904K, reserved 1048576K
}
Event: 508121.458 GC heap after
{Heap after GC invocations=21 (full 0):
 garbage-first heap   total 374784K, used 72815K [0x0000000703400000, 0x0000000800000000)
  region size 1024K, 8 young (8192K), 8 survivors (8192K)
 Metaspace       used 91911K, capacity 94149K, committed 94336K, reserved 1132544K
  class space    used 10969K, capacity 11878K, committed 11904K, reserved 1048576K
}

Deoptimization events (10 events):
Event: 424261.242 Thread 0x0000025d991bd800 Uncommon trap: reason=unstable_if action=reinterpret pc=0x0000025df8b8c748 method=java.util.concurrent.ConcurrentLinkedQueue.offer(Ljava/lang/Object;)Z @ 96 c2
Event: 424277.759 Thread 0x0000025d96b8a000 Uncommon trap: reason=unstable_if action=reinterpret pc=0x0000025df8bd10f4 method=com.zaxxer.hikari.util.ConcurrentBag.requite(Lcom/zaxxer/hikari/util/ConcurrentBag$IConcurrentBagEntry;)V @ 16 c2
Event: 503140.890 Thread 0x0000025d991bd800 Uncommon trap: reason=null_check action=make_not_entrant pc=0x0000025df87102a8 method=com.sun.proxy.$Proxy119.findByEmail(Ljava/lang/String;)Lcom/dynamous/imoveis/entities/Tenant; @ 21 c2
Event: 503140.990 Thread 0x0000025d991bd800 Uncommon trap: reason=unstable_if action=reinterpret pc=0x0000025df89d3130 method=java.security.MessageDigest.isEqual([B[B)Z @ 91 c2
Event: 503140.991 Thread 0x0000025d991bd800 Uncommon trap: reason=null_check action=make_not_entrant pc=0x0000025df89c0ec8 method=org.springframework.context.event.AbstractApplicationEventMulticaster.getApplicationListeners(Lorg/springframework/context/ApplicationEvent;Lorg/springframework/core/Res
Event: 503140.995 Thread 0x0000025d991bd800 Uncommon trap: reason=null_check action=make_not_entrant pc=0x0000025df83310c4 method=java.lang.Class.reflectionData()Ljava/lang/Class$ReflectionData; @ 18 c2
Event: 503141.012 Thread 0x0000025d991bd800 Uncommon trap: reason=unstable_if action=reinterpret pc=0x0000025df858df94 method=java.lang.Long.getChars(JI[B)I @ 29 c2
Event: 503141.015 Thread 0x0000025d991bd800 Uncommon trap: reason=null_check action=make_not_entrant pc=0x0000025df8e1564c method=org.springframework.security.core.context.ThreadLocalSecurityContextHolderStrategy.getContext()Lorg/springframework/security/core/context/SecurityContext; @ 6 c2
Event: 503141.015 Thread 0x0000025d991bd800 Uncommon trap: reason=unstable_if action=reinterpret pc=0x0000025df8e01428 method=org.apache.catalina.connector.OutputBuffer.close()V @ 23 c2
Event: 503141.016 Thread 0x0000025d991bd800 Uncommon trap: reason=unstable_if action=reinterpret pc=0x0000025df8b1d184 method=org.apache.coyote.Response.getContentType()Ljava/lang/String; @ 13 c2

Classes redefined (0 events):
No events

Internal exceptions (10 events):
Event: 337623.647 Thread 0x0000025d991c3000 Exception <a 'java/lang/ClassCastException'{0x0000000719b34968}> (0x0000000719b34968) thrown at [./open/src/hotspot/share/runtime/sharedRuntime.cpp, line 584]
Event: 398552.630 Thread 0x0000025d991c2000 Exception <a 'java/lang/ClassCastException'{0x00000007143b5830}> (0x00000007143b5830) thrown at [./open/src/hotspot/share/runtime/sharedRuntime.cpp, line 584]
Event: 409198.522 Thread 0x0000025d96b88000 Exception <a 'java/lang/ClassCastException'{0x00000007134d2a70}> (0x00000007134d2a70) thrown at [./open/src/hotspot/share/runtime/sharedRuntime.cpp, line 584]
Event: 424261.252 Thread 0x0000025d96b8a000 Exception <a 'java/lang/ClassCastException'{0x00000007118df3a8}> (0x00000007118df3a8) thrown at [./open/src/hotspot/share/runtime/sharedRuntime.cpp, line 584]
Event: 432988.047 Thread 0x0000025d96b8e000 Exception <a 'java/lang/ClassCastException'{0x000000070e29af28}> (0x000000070e29af28) thrown at [./open/src/hotspot/share/runtime/sharedRuntime.cpp, line 584]
Event: 503129.218 Thread 0x0000025d991bf000 Exception <a 'java/lang/ClassCastException'{0x00000007110bbc90}> (0x00000007110bbc90) thrown at [./open/src/hotspot/share/runtime/sharedRuntime.cpp, line 584]
Event: 503140.890 Thread 0x0000025d991bd800 Implicit null exception at 0x0000025df8710214 to 0x0000025df871029c
Event: 503140.991 Thread 0x0000025d991bd800 Implicit null exception at 0x0000025df89c0d3e to 0x0000025df89c0e92
Event: 503140.995 Thread 0x0000025d991bd800 Implicit null exception at 0x0000025df83307c6 to 0x0000025df83310b0
Event: 503141.015 Thread 0x0000025d991bd800 Implicit null exception at 0x0000025df8e149e1 to 0x0000025df8e15634

Events (10 events):
Event: 510757.866 Executing VM operation: RevokeBias
Event: 510757.866 Executing VM operation: RevokeBias done
Event: 510817.167 Executing VM operation: RevokeBias
Event: 510817.167 Executing VM operation: RevokeBias done
Event: 510952.543 Executing VM operation: RevokeBias
Event: 510952.543 Executing VM operation: RevokeBias done
Event: 510953.249 Executing VM operation: RevokeBias
Event: 510953.249 Executing VM operation: RevokeBias done
Event: 511235.362 Executing VM operation: RevokeBias
Event: 511235.362 Executing VM operation: RevokeBias done


Dynamic libraries:
0x00007ff69b040000 - 0x00007ff69b04f000 	C:\Program Files\Java\jdk-11.0.10\bin\javaw.exe
0x00007ffe4e0f0000 - 0x00007ffe4e304000 	C:\WINDOWS\SYSTEM32\ntdll.dll
0x00007ffe4d5d0000 - 0x00007ffe4d693000 	C:\WINDOWS\System32\KERNEL32.DLL
0x00007ffe4b510000 - 0x00007ffe4b8ad000 	C:\WINDOWS\System32\KERNELBASE.dll
0x00007ffe4b8b0000 - 0x00007ffe4b9c1000 	C:\WINDOWS\System32\ucrtbase.dll
0x00007ffe37da0000 - 0x00007ffe37db5000 	C:\Program Files\Java\jdk-11.0.10\bin\VCRUNTIME140.dll
0x00007ffe37de0000 - 0x00007ffe37df8000 	C:\Program Files\Java\jdk-11.0.10\bin\jli.dll
0x00007ffe4bf20000 - 0x00007ffe4bfce000 	C:\WINDOWS\System32\ADVAPI32.dll
0x00007ffe4d6a0000 - 0x00007ffe4d747000 	C:\WINDOWS\System32\msvcrt.dll
0x00007ffe4c790000 - 0x00007ffe4c834000 	C:\WINDOWS\System32\sechost.dll
0x00007ffe4c670000 - 0x00007ffe4c785000 	C:\WINDOWS\System32\RPCRT4.dll
0x00007ffe4c040000 - 0x00007ffe4c1ed000 	C:\WINDOWS\System32\USER32.dll
0x00007ffe28aa0000 - 0x00007ffe28d2e000 	C:\WINDOWS\WinSxS\amd64_microsoft.windows.common-controls_6595b64144ccf1df_6.0.22621.608_none_a9444ca7c10bb01d\COMCTL32.dll
0x00007ffe4beb0000 - 0x00007ffe4bed6000 	C:\WINDOWS\System32\win32u.dll
0x00007ffe4cf60000 - 0x00007ffe4cf89000 	C:\WINDOWS\System32\GDI32.dll
0x00007ffe4bba0000 - 0x00007ffe4bcb2000 	C:\WINDOWS\System32\gdi32full.dll
0x00007ffe4bb00000 - 0x00007ffe4bb9a000 	C:\WINDOWS\System32\msvcp_win.dll
0x00007ffe3ed20000 - 0x00007ffe3ed2a000 	C:\WINDOWS\SYSTEM32\VERSION.dll
0x00007ffe4c1f0000 - 0x00007ffe4c222000 	C:\WINDOWS\System32\IMM32.DLL
0x00007ffdf7110000 - 0x00007ffdf71ab000 	C:\Program Files\Java\jdk-11.0.10\bin\msvcp140.dll
0x00007ffddf000000 - 0x00007ffddfafb000 	C:\Program Files\Java\jdk-11.0.10\bin\server\jvm.dll
0x00007ffe4c840000 - 0x00007ffe4c848000 	C:\WINDOWS\System32\PSAPI.DLL
0x00007ffe27ee0000 - 0x00007ffe27ee9000 	C:\WINDOWS\SYSTEM32\WSOCK32.dll
0x00007ffe431b0000 - 0x00007ffe431e4000 	C:\WINDOWS\SYSTEM32\WINMM.dll
0x00007ffe4d490000 - 0x00007ffe4d501000 	C:\WINDOWS\System32\WS2_32.dll
0x00007ffe4a630000 - 0x00007ffe4a648000 	C:\WINDOWS\SYSTEM32\kernel.appcore.dll
0x00007ffe37290000 - 0x00007ffe372a0000 	C:\Program Files\Java\jdk-11.0.10\bin\verify.dll
0x00007ffe48e90000 - 0x00007ffe490be000 	C:\WINDOWS\SYSTEM32\DBGHELP.DLL
0x00007ffe4c290000 - 0x00007ffe4c61a000 	C:\WINDOWS\System32\combase.dll
0x00007ffe4dfd0000 - 0x00007ffe4e0a7000 	C:\WINDOWS\System32\OLEAUT32.dll
0x00007ffe43170000 - 0x00007ffe431a2000 	C:\WINDOWS\SYSTEM32\dbgcore.DLL
0x00007ffe4be30000 - 0x00007ffe4beab000 	C:\WINDOWS\System32\bcryptPrimitives.dll
0x00007ffe31800000 - 0x00007ffe31828000 	C:\Program Files\Java\jdk-11.0.10\bin\java.dll
0x00007ffe371c0000 - 0x00007ffe371ca000 	C:\Program Files\Java\jdk-11.0.10\bin\jimage.dll
0x00007ffe37120000 - 0x00007ffe37136000 	C:\Program Files\Java\jdk-11.0.10\bin\zip.dll
0x00007ffe4d7e0000 - 0x00007ffe4dfcf000 	C:\WINDOWS\System32\SHELL32.dll
0x00007ffe49500000 - 0x00007ffe49dc8000 	C:\WINDOWS\SYSTEM32\windows.storage.dll
0x00007ffe493c0000 - 0x00007ffe494fe000 	C:\WINDOWS\SYSTEM32\wintypes.dll
0x00007ffe4cb80000 - 0x00007ffe4cc71000 	C:\WINDOWS\System32\SHCORE.dll
0x00007ffe4c230000 - 0x00007ffe4c28e000 	C:\WINDOWS\System32\shlwapi.dll
0x00007ffe4b440000 - 0x00007ffe4b461000 	C:\WINDOWS\SYSTEM32\profapi.dll
0x00007ffe37070000 - 0x00007ffe37089000 	C:\Program Files\Java\jdk-11.0.10\bin\net.dll
0x00007ffe40c00000 - 0x00007ffe40d2f000 	C:\WINDOWS\SYSTEM32\WINHTTP.dll
0x00007ffe4aaa0000 - 0x00007ffe4ab09000 	C:\WINDOWS\system32\mswsock.dll
0x00007ffe347f0000 - 0x00007ffe34802000 	C:\Program Files\Java\jdk-11.0.10\bin\nio.dll
0x00007ffe372e0000 - 0x00007ffe372e9000 	C:\Program Files\Java\jdk-11.0.10\bin\management.dll
0x00007ffe372d0000 - 0x00007ffe372db000 	C:\Program Files\Java\jdk-11.0.10\bin\management_ext.dll
0x00007ffe28790000 - 0x00007ffe287a7000 	C:\WINDOWS\system32\napinsp.dll
0x00007ffe28750000 - 0x00007ffe2876b000 	C:\WINDOWS\system32\pnrpnsp.dll
0x00007ffe4a100000 - 0x00007ffe4a1f2000 	C:\WINDOWS\SYSTEM32\DNSAPI.dll
0x00007ffe4a0d0000 - 0x00007ffe4a0fd000 	C:\WINDOWS\SYSTEM32\IPHLPAPI.DLL
0x00007ffe4ca70000 - 0x00007ffe4ca79000 	C:\WINDOWS\System32\NSI.dll
0x00007ffe286a0000 - 0x00007ffe286b1000 	C:\WINDOWS\System32\winrnr.dll
0x00007ffe3d450000 - 0x00007ffe3d465000 	C:\WINDOWS\system32\wshbth.dll
0x00007ffe27cd0000 - 0x00007ffe27cf1000 	C:\WINDOWS\system32\nlansp_c.dll
0x00007ffe3d480000 - 0x00007ffe3d48a000 	C:\Windows\System32\rasadhlp.dll
0x00007ffe3d1b0000 - 0x00007ffe3d233000 	C:\WINDOWS\System32\fwpuclnt.dll
0x00007ffe4ad10000 - 0x00007ffe4ad2b000 	C:\WINDOWS\SYSTEM32\CRYPTSP.dll
0x00007ffe4a5a0000 - 0x00007ffe4a5d5000 	C:\WINDOWS\system32\rsaenh.dll
0x00007ffe4abb0000 - 0x00007ffe4abd8000 	C:\WINDOWS\SYSTEM32\USERENV.dll
0x00007ffe4aeb0000 - 0x00007ffe4aed8000 	C:\WINDOWS\SYSTEM32\bcrypt.dll
0x00007ffe4ad30000 - 0x00007ffe4ad3c000 	C:\WINDOWS\SYSTEM32\CRYPTBASE.dll
0x00007ffe3eda0000 - 0x00007ffe3edb9000 	C:\WINDOWS\SYSTEM32\dhcpcsvc6.DLL
0x00007ffe3ed80000 - 0x00007ffe3ed9f000 	C:\WINDOWS\SYSTEM32\dhcpcsvc.DLL
0x00007ffe36bb0000 - 0x00007ffe36bd5000 	C:\Program Files\Java\jdk-11.0.10\bin\sunec.dll

dbghelp: loaded successfully - version: 4.0.5 - missing functions: none
symbol engine: initialized successfully - sym options: 0x614 - pdb path: .;C:\Program Files\Java\jdk-11.0.10\bin;C:\WINDOWS\SYSTEM32;C:\WINDOWS\WinSxS\amd64_microsoft.windows.common-controls_6595b64144ccf1df_6.0.22621.608_none_a9444ca7c10bb01d;C:\Program Files\Java\jdk-11.0.10\bin\server

VM Arguments:
jvm_args: -Dfile.encoding=UTF-8 
java_command: com.dynamous.imoveis.ImoveisApplication
java_class_path (initial): C:\Users\vroma\Desktop\dynamous\dynamous\backend\target\classes;C:\Users\vroma\.m2\repository\org\springframework\boot\spring-boot-starter-data-jpa\2.6.3\spring-boot-starter-data-jpa-2.6.3.jar;C:\Users\vroma\.m2\repository\org\springframework\boot\spring-boot-starter-aop\2.6.3\spring-boot-starter-aop-2.6.3.jar;C:\Users\vroma\.m2\repository\org\aspectj\aspectjweaver\1.9.7\aspectjweaver-1.9.7.jar;C:\Users\vroma\.m2\repository\org\springframework\boot\spring-boot-starter-jdbc\2.6.3\spring-boot-starter-jdbc-2.6.3.jar;C:\Users\vroma\.m2\repository\com\zaxxer\HikariCP\4.0.3\HikariCP-4.0.3.jar;C:\Users\vroma\.m2\repository\org\springframework\spring-jdbc\5.3.15\spring-jdbc-5.3.15.jar;C:\Users\vroma\.m2\repository\jakarta\transaction\jakarta.transaction-api\1.3.3\jakarta.transaction-api-1.3.3.jar;C:\Users\vroma\.m2\repository\jakarta\persistence\jakarta.persistence-api\2.2.3\jakarta.persistence-api-2.2.3.jar;C:\Users\vroma\.m2\repository\org\hibernate\hibernate-core\5.6.4.Final\hibernate-core-5.6.4.Final.jar;C:\Users\vroma\.m2\repository\org\jboss\logging\jboss-logging\3.4.3.Final\jboss-logging-3.4.3.Final.jar;C:\Users\vroma\.m2\repository\net\bytebuddy\byte-buddy\1.11.22\byte-buddy-1.11.22.jar;C:\Users\vroma\.m2\repository\antlr\antlr\2.7.7\antlr-2.7.7.jar;C:\Users\vroma\.m2\repository\org\jboss\jandex\2.4.2.Final\jandex-2.4.2.Final.jar;C:\Users\vroma\.m2\repository\com\fasterxml\classmate\1.5.1\classmate-1.5.1.jar;C:\Users\vroma\.m2\repository\org\hibernate\common\hibernate-commons-annotations\5.1.2.Final\hibernate-commons-annotations-5.1.2.Final.jar;C:\Users\vroma\.m2\repository\org\glassfish\jaxb\jaxb-runtime\2.3.5\jaxb-runtime-2.3.5.jar;C:\Users\vroma\.m2\repository\org\glassfish\jaxb\txw2\2.3.5\txw2-2.3.5.jar;C:\Users\vroma\.m2\repository\com\sun\istack\istack-commons-runtime\3.0.12\istack-commons-runtime-3.0.12.jar;C:\Users\vroma\.m2\repository\org\springframework\data\spring-data-jpa\2.6.1\spring-data-jpa-2.6.1.jar;C:\Users\vroma\.m2\rep
Launcher Type: SUN_STANDARD

[Global flags]
     intx CICompilerCount                          = 4                                         {product} {ergonomic}
     uint ConcGCThreads                            = 2                                         {product} {ergonomic}
     uint G1ConcRefinementThreads                  = 8                                         {product} {ergonomic}
   size_t G1HeapRegionSize                         = 1048576                                   {product} {ergonomic}
    uintx GCDrainStackTargetSize                   = 64                                        {product} {ergonomic}
   size_t InitialHeapSize                          = 266338304                                 {product} {ergonomic}
   size_t MarkStackSize                            = 4194304                                   {product} {ergonomic}
   size_t MaxHeapSize                              = 4240441344                                {product} {ergonomic}
   size_t MaxNewSize                               = 2543845376                                {product} {ergonomic}
   size_t MinHeapDeltaBytes                        = 1048576                                   {product} {ergonomic}
    uintx NonNMethodCodeHeapSize                   = 5836300                                {pd product} {ergonomic}
    uintx NonProfiledCodeHeapSize                  = 122910970                              {pd product} {ergonomic}
    uintx ProfiledCodeHeapSize                     = 122910970                              {pd product} {ergonomic}
    uintx ReservedCodeCacheSize                    = 251658240                              {pd product} {ergonomic}
     bool SegmentedCodeCache                       = true                                      {product} {ergonomic}
     bool UseCompressedClassPointers               = true                                 {lp64_product} {ergonomic}
     bool UseCompressedOops                        = true                                 {lp64_product} {ergonomic}
     bool UseG1GC                                  = true                                      {product} {ergonomic}
     bool UseLargePagesIndividualAllocation        = false                                  {pd product} {ergonomic}

Logging:
Log output configuration:
 #0: stdout all=warning uptime,level,tags
 #1: stderr all=off uptime,level,tags

Environment Variables:
JAVA_HOME=C:\Program Files\Java\jdk-11.0.10
PATH=C:/Program Files/Java/jdk-11.0.10/bin/server;C:/Program Files/Java/jdk-11.0.10/bin;C:\Python39\Scripts\;C:\Python39\;C:\Program Files\Common Files\Oracle\Java\javapath;C:\Windows\system32;C:\Windows;C:\Windows\System32\Wbem;C:\Windows\System32\WindowsPowerShell\v1.0\;C:\Windows\System32\OpenSSH\;C:\Program Files (x86)\NVIDIA Corporation\PhysX\Common;C:\Program Files\NVIDIA Corporation\NVIDIA NvDLISR;C:\Program Files\Git\cmd;C:\Program Files\Java\jdk-11.0.10\bin;C:\Program Files\MySQL\MySQL Server 5.1\bin;C:\Program Files\nodejs\;C:\ProgramData\chocolatey\bin;;C:\WINDOWS\system32;C:\WINDOWS;C:\WINDOWS\System32\Wbem;C:\WINDOWS\System32\WindowsPowerShell\v1.0\;C:\WINDOWS\System32\OpenSSH\;C:\Program Files\dotnet\;C:\Users\vroma\AppData\Local\Microsoft\WindowsApps;C:\Users\vroma\AppData\Local\Programs\Microsoft VS Code\bin;C:\Program Files\JetBrains\IntelliJ IDEA Community Edition 2021.2\bin;;C:\Users\vroma\AppData\Roaming\npm;C:\Program Files\heroku\bin;;C:\WINDOWS\System32;
USERNAME=vroma
OS=Windows_NT
PROCESSOR_IDENTIFIER=Intel64 Family 6 Model 142 Stepping 12, GenuineIntel



---------------  S Y S T E M  ---------------

OS: Windows 10 , 64 bit Build 22621 (10.0.22621.963)
Hyper-V role detected

CPU:total 8 (initial active 8) (4 cores per cpu, 2 threads per core) family 6 model 142 stepping 12 microcode 0xec, cmov, cx8, fxsr, mmx, sse, sse2, sse3, ssse3, sse4.1, sse4.2, popcnt, avx, avx2, aes, clmul, erms, 3dnowpref, lzcnt, ht, tsc, tscinvbit, bmi1, bmi2, adx, fma

Memory: 4k page, system-wide physical 16168M (4327M free)
TotalPageFile size 22568M (AvailPageFile size 4633M)
current process WorkingSet (physical memory assigned to process): 79M, peak: 575M
current process commit charge ("private bytes"): 719M, peak: 743M

vm_info: Java HotSpot(TM) 64-Bit Server VM (11.0.10+8-LTS-162) for windows-amd64 JRE (11.0.10+8-LTS-162), built on Dec  8 2020 16:32:57 by "mach5one" with MS VC++ 15.9 (VS2017)

END.
